Archive member included to satisfy reference by file (symbol)

/usr/share/gcc-arm-none-eabi-10.3-2021.10/bin/../lib/gcc/arm-none-eabi/10.3.1/thumb/v6-m/nofp/libgcc.a(_thumb1_case_sqi.o)
                              build-Cawthron_IMU/py/mpprint.o (__gnu_thumb1_case_sqi)
/usr/share/gcc-arm-none-eabi-10.3-2021.10/bin/../lib/gcc/arm-none-eabi/10.3.1/thumb/v6-m/nofp/libgcc.a(_thumb1_case_uqi.o)
                              build-Cawthron_IMU/py/objint_mpz.o (__gnu_thumb1_case_uqi)
/usr/share/gcc-arm-none-eabi-10.3-2021.10/bin/../lib/gcc/arm-none-eabi/10.3.1/thumb/v6-m/nofp/libgcc.a(_thumb1_case_shi.o)
                              build-Cawthron_IMU/py/runtime.o (__gnu_thumb1_case_shi)
/usr/share/gcc-arm-none-eabi-10.3-2021.10/bin/../lib/gcc/arm-none-eabi/10.3.1/thumb/v6-m/nofp/libgcc.a(_thumb1_case_uhi.o)
                              build-Cawthron_IMU/extmod/modure.o (__gnu_thumb1_case_uhi)
/usr/share/gcc-arm-none-eabi-10.3-2021.10/bin/../lib/gcc/arm-none-eabi/10.3.1/thumb/v6-m/nofp/libgcc.a(_udivsi3.o)
                              build-Cawthron_IMU/py/gc.o (__aeabi_uidiv)
/usr/share/gcc-arm-none-eabi-10.3-2021.10/bin/../lib/gcc/arm-none-eabi/10.3.1/thumb/v6-m/nofp/libgcc.a(_divsi3.o)
                              build-Cawthron_IMU/py/objrange.o (__aeabi_idiv)
/usr/share/gcc-arm-none-eabi-10.3-2021.10/bin/../lib/gcc/arm-none-eabi/10.3.1/thumb/v6-m/nofp/libgcc.a(_dvmd_tls.o)
                              /usr/share/gcc-arm-none-eabi-10.3-2021.10/bin/../lib/gcc/arm-none-eabi/10.3.1/thumb/v6-m/nofp/libgcc.a(_udivsi3.o) (__aeabi_idiv0)
/usr/share/gcc-arm-none-eabi-10.3-2021.10/bin/../lib/gcc/arm-none-eabi/10.3.1/thumb/v6-m/nofp/libgcc.a(_arm_cmpsf2.o)
                              build-Cawthron_IMU/lib/libm/nearbyintf.o (__aeabi_fcmpeq)
/usr/share/gcc-arm-none-eabi-10.3-2021.10/bin/../lib/gcc/arm-none-eabi/10.3.1/thumb/v6-m/nofp/libgcc.a(_clzsi2.o)
                              build-Cawthron_IMU/lib/littlefs/lfs1.o (__clzsi2)
/usr/share/gcc-arm-none-eabi-10.3-2021.10/bin/../lib/gcc/arm-none-eabi/10.3.1/thumb/v6-m/nofp/libgcc.a(_ctzsi2.o)
                              build-Cawthron_IMU/lib/littlefs/lfs1.o (__ctzsi2)
/usr/share/gcc-arm-none-eabi-10.3-2021.10/bin/../lib/gcc/arm-none-eabi/10.3.1/thumb/v6-m/nofp/libgcc.a(_popcountsi2.o)
                              build-Cawthron_IMU/lib/littlefs/lfs1.o (__popcountsi2)
/usr/share/gcc-arm-none-eabi-10.3-2021.10/bin/../lib/gcc/arm-none-eabi/10.3.1/thumb/v6-m/nofp/libgcc.a(addsf3.o)
                              build-Cawthron_IMU/lib/libm/ef_sqrt.o (__aeabi_fadd)
/usr/share/gcc-arm-none-eabi-10.3-2021.10/bin/../lib/gcc/arm-none-eabi/10.3.1/thumb/v6-m/nofp/libgcc.a(divsf3.o)
                              build-Cawthron_IMU/lib/libm/ef_sqrt.o (__aeabi_fdiv)
/usr/share/gcc-arm-none-eabi-10.3-2021.10/bin/../lib/gcc/arm-none-eabi/10.3.1/thumb/v6-m/nofp/libgcc.a(eqsf2.o)
                              /usr/share/gcc-arm-none-eabi-10.3-2021.10/bin/../lib/gcc/arm-none-eabi/10.3.1/thumb/v6-m/nofp/libgcc.a(_arm_cmpsf2.o) (__eqsf2)
/usr/share/gcc-arm-none-eabi-10.3-2021.10/bin/../lib/gcc/arm-none-eabi/10.3.1/thumb/v6-m/nofp/libgcc.a(gesf2.o)
                              /usr/share/gcc-arm-none-eabi-10.3-2021.10/bin/../lib/gcc/arm-none-eabi/10.3.1/thumb/v6-m/nofp/libgcc.a(_arm_cmpsf2.o) (__gesf2)
/usr/share/gcc-arm-none-eabi-10.3-2021.10/bin/../lib/gcc/arm-none-eabi/10.3.1/thumb/v6-m/nofp/libgcc.a(lesf2.o)
                              /usr/share/gcc-arm-none-eabi-10.3-2021.10/bin/../lib/gcc/arm-none-eabi/10.3.1/thumb/v6-m/nofp/libgcc.a(_arm_cmpsf2.o) (__lesf2)
/usr/share/gcc-arm-none-eabi-10.3-2021.10/bin/../lib/gcc/arm-none-eabi/10.3.1/thumb/v6-m/nofp/libgcc.a(mulsf3.o)
                              build-Cawthron_IMU/lib/libm/ef_sqrt.o (__aeabi_fmul)
/usr/share/gcc-arm-none-eabi-10.3-2021.10/bin/../lib/gcc/arm-none-eabi/10.3.1/thumb/v6-m/nofp/libgcc.a(subsf3.o)
                              build-Cawthron_IMU/lib/libm/ef_sqrt.o (__aeabi_fsub)
/usr/share/gcc-arm-none-eabi-10.3-2021.10/bin/../lib/gcc/arm-none-eabi/10.3.1/thumb/v6-m/nofp/libgcc.a(unordsf2.o)
                              build-Cawthron_IMU/lib/libm/fmodf.o (__aeabi_fcmpun)
/usr/share/gcc-arm-none-eabi-10.3-2021.10/bin/../lib/gcc/arm-none-eabi/10.3.1/thumb/v6-m/nofp/libgcc.a(fixsfsi.o)
                              build-Cawthron_IMU/lib/libm/math.o (__aeabi_f2iz)
/usr/share/gcc-arm-none-eabi-10.3-2021.10/bin/../lib/gcc/arm-none-eabi/10.3.1/thumb/v6-m/nofp/libgcc.a(floatsisf.o)
                              build-Cawthron_IMU/lib/libm/math.o (__aeabi_i2f)

Discarded input sections

 .text          0x0000000000000000        0x0 build-Cawthron_IMU/py/mpstate.o
 .data          0x0000000000000000        0x0 build-Cawthron_IMU/py/mpstate.o
 .bss           0x0000000000000000        0x0 build-Cawthron_IMU/py/mpstate.o
 .text          0x0000000000000000        0x0 build-Cawthron_IMU/py/nlr.o
 .data          0x0000000000000000        0x0 build-Cawthron_IMU/py/nlr.o
[...]
Memory Configuration

Name             Origin             Length             Attributes
FLASH            0x0000000000002000 0x000000000003e000 xr
RAM              0x0000000020000000 0x0000000000008000 xrw
*default*        0x0000000000000000 0xffffffffffffffff

Linker script and memory map

                0x0000000020007ff8                _estack = ((ORIGIN (RAM) + LENGTH (RAM)) - 0x8)
                0x0000000020005ff8                _sstack = (_estack - 0x2000)
                0x0000000020000598                _sheap = _ebss
                0x0000000020005ff8                _eheap = _sstack

.text           0x0000000000002000    0x20914
                0x0000000000002000                . = ALIGN (0x4)
 *(.isr_vector)
 .isr_vector    0x0000000000002000      0x264 build-Cawthron_IMU/samd_isr.o
                0x0000000000002000                isr_vector
 *(.text)
 .text          0x0000000000002264       0x24 build-Cawthron_IMU/shared/runtime/gchelper_m0.o
                0x0000000000002264                gc_helper_get_regs_and_sp
 .text          0x0000000000002288       0x14 /usr/share/gcc-arm-none-eabi-10.3-2021.10/bin/../lib/gcc/arm-none-eabi/10.3.1/thumb/v6-m/nofp/libgcc.a(_thumb1_case_sqi.o)
                0x0000000000002288                __gnu_thumb1_case_sqi
 .text          0x000000000000229c       0x14 /usr/share/gcc-arm-none-eabi-10.3-2021.10/bin/../lib/gcc/arm-none-eabi/10.3.1/thumb/v6-m/nofp/libgcc.a(_thumb1_case_uqi.o)
                0x000000000000229c                __gnu_thumb1_case_uqi
 .text          0x00000000000022b0       0x14 /usr/share/gcc-arm-none-eabi-10.3-2021.10/bin/../lib/gcc/arm-none-eabi/10.3.1/thumb/v6-m/nofp/libgcc.a(_thumb1_case_shi.o)
                0x00000000000022b0                __gnu_thumb1_case_shi
 .text          0x00000000000022c4       0x14 /usr/share/gcc-arm-none-eabi-10.3-2021.10/bin/../lib/gcc/arm-none-eabi/10.3.1/thumb/v6-m/nofp/libgcc.a(_thumb1_case_uhi.o)
                0x00000000000022c4                __gnu_thumb1_case_uhi
 .text          0x00000000000022d8      0x114 /usr/share/gcc-arm-none-eabi-10.3-2021.10/bin/../lib/gcc/arm-none-eabi/10.3.1/thumb/v6-m/nofp/libgcc.a(_udivsi3.o)
                0x00000000000022d8                __udivsi3
                0x00000000000022d8                __aeabi_uidiv
                0x00000000000023e4                __aeabi_uidivmod
 .text          0x00000000000023ec      0x1d4 /usr/share/gcc-arm-none-eabi-10.3-2021.10/bin/../lib/gcc/arm-none-eabi/10.3.1/thumb/v6-m/nofp/libgcc.a(_divsi3.o)
                0x00000000000023ec                __aeabi_idiv
                0x00000000000023ec                __divsi3
                0x00000000000025b8                __aeabi_idivmod
 .text          0x00000000000025c0        0x4 /usr/share/gcc-arm-none-eabi-10.3-2021.10/bin/../lib/gcc/arm-none-eabi/10.3.1/thumb/v6-m/nofp/libgcc.a(_dvmd_tls.o)
                0x00000000000025c0                __aeabi_ldiv0
                0x00000000000025c0                __aeabi_idiv0
 .text          0x00000000000025c4       0x3c /usr/share/gcc-arm-none-eabi-10.3-2021.10/bin/../lib/gcc/arm-none-eabi/10.3.1/thumb/v6-m/nofp/libgcc.a(_clzsi2.o)
                0x00000000000025c4                __clzsi2
 .text          0x0000000000002600       0x40 /usr/share/gcc-arm-none-eabi-10.3-2021.10/bin/../lib/gcc/arm-none-eabi/10.3.1/thumb/v6-m/nofp/libgcc.a(_ctzsi2.o)
                0x0000000000002600                __ctzsi2
 .text          0x0000000000002640       0x34 /usr/share/gcc-arm-none-eabi-10.3-2021.10/bin/../lib/gcc/arm-none-eabi/10.3.1/thumb/v6-m/nofp/libgcc.a(_popcountsi2.o)
                0x0000000000002640                __popcountsi2
 *(.text*)
 .text.nlr_push_tail
                0x0000000000002674       0x10 build-Cawthron_IMU/py/nlr.o
                0x0000000000002674                nlr_push_tail
 .text.nlr_pop  0x0000000000002684       0x10 build-Cawthron_IMU/py/nlr.o
                0x0000000000002684                nlr_pop
 .text.nlr_push
                0x0000000000002694       0x28 build-Cawthron_IMU/py/nlrthumb.o
                0x0000000000002694                nlr_push
 .text.nlr_jump
                0x00000000000026bc       0x40 build-Cawthron_IMU/py/nlrthumb.o
                0x00000000000026bc                nlr_jump
 .text.m_malloc
                0x00000000000026fc       0x1a build-Cawthron_IMU/py/malloc.o
                0x00000000000026fc                m_malloc
 .text.m_malloc_maybe
                0x0000000000002716        0xa build-Cawthron_IMU/py/malloc.o
                0x0000000000002716                m_malloc_maybe
 .text.m_malloc0
                0x0000000000002720        0x8 build-Cawthron_IMU/py/malloc.o
                0x0000000000002720                m_malloc0
 .text.m_realloc
                0x0000000000002728       0x1a build-Cawthron_IMU/py/malloc.o
                0x0000000000002728                m_realloc
 .text.m_realloc_maybe
                0x0000000000002742        0x8 build-Cawthron_IMU/py/malloc.o
                0x0000000000002742                m_realloc_maybe
 .text.m_free   0x000000000000274a        0x8 build-Cawthron_IMU/py/malloc.o
                0x000000000000274a                m_free
 *fill*         0x0000000000002752        0x2 
 .text.gc_mark_subtree
                0x0000000000002754       0xec build-Cawthron_IMU/py/gc.o
 .text.gc_init  0x0000000000002840       0x4c build-Cawthron_IMU/py/gc.o
                0x0000000000002840                gc_init
 .text.gc_lock  0x000000000000288c       0x10 build-Cawthron_IMU/py/gc.o
                0x000000000000288c                gc_lock
 .text.gc_unlock
                0x000000000000289c       0x10 build-Cawthron_IMU/py/gc.o
                0x000000000000289c                gc_unlock
 .text.gc_is_locked
                0x00000000000028ac       0x10 build-Cawthron_IMU/py/gc.o
                0x00000000000028ac                gc_is_locked
 .text.gc_collect_start
                0x00000000000028bc       0x88 build-Cawthron_IMU/py/gc.o
                0x00000000000028bc                gc_collect_start
 .text.gc_collect_root
                0x0000000000002944       0x84 build-Cawthron_IMU/py/gc.o
                0x0000000000002944                gc_collect_root
 .text.gc_collect_end
                0x00000000000029c8      0x110 build-Cawthron_IMU/py/gc.o
                0x00000000000029c8                gc_collect_end
 .text.gc_sweep_all
                0x0000000000002ad8       0x1c build-Cawthron_IMU/py/gc.o
                0x0000000000002ad8                gc_sweep_all
 .text.gc_info  0x0000000000002af4      0x118 build-Cawthron_IMU/py/gc.o
                0x0000000000002af4                gc_info
 .text.gc_alloc
                0x0000000000002c0c      0x16c build-Cawthron_IMU/py/gc.o
                0x0000000000002c0c                gc_alloc
 .text.gc_free  0x0000000000002d78       0x64 build-Cawthron_IMU/py/gc.o
                0x0000000000002d78                gc_free
 .text.gc_nbytes
                0x0000000000002ddc       0x64 build-Cawthron_IMU/py/gc.o
                0x0000000000002ddc                gc_nbytes
 .text.gc_realloc
                0x0000000000002e40      0x238 build-Cawthron_IMU/py/gc.o
                0x0000000000002e40                gc_realloc
 .text.gc_dump_info
                0x0000000000003078       0x48 build-Cawthron_IMU/py/gc.o
                0x0000000000003078                gc_dump_info
 .text.gc_dump_alloc_table
                0x00000000000030c0      0x194 build-Cawthron_IMU/py/gc.o
                0x00000000000030c0                gc_dump_alloc_table
 .text.find_qstr
                0x0000000000003254       0x1c build-Cawthron_IMU/py/qstr.o
 .text.qstr_compute_hash
                0x0000000000003270       0x24 build-Cawthron_IMU/py/qstr.o
                0x0000000000003270                qstr_compute_hash
 .text.qstr_init
                0x0000000000003294       0x18 build-Cawthron_IMU/py/qstr.o
                0x0000000000003294                qstr_init
 .text.qstr_find_strn
                0x00000000000032ac       0x64 build-Cawthron_IMU/py/qstr.o
                0x00000000000032ac                qstr_find_strn
 .text.qstr_from_strn
                0x0000000000003310      0x15c build-Cawthron_IMU/py/qstr.o
                0x0000000000003310                qstr_from_strn
 .text.qstr_from_str
                0x000000000000346c       0x12 build-Cawthron_IMU/py/qstr.o
                0x000000000000346c                qstr_from_str
 .text.qstr_hash
                0x000000000000347e       0x12 build-Cawthron_IMU/py/qstr.o
                0x000000000000347e                qstr_hash
 .text.qstr_len
                0x0000000000003490       0x12 build-Cawthron_IMU/py/qstr.o
                0x0000000000003490                qstr_len
 .text.qstr_str
                0x00000000000034a2       0x14 build-Cawthron_IMU/py/qstr.o
                0x00000000000034a2                qstr_str
 .text.qstr_data
                0x00000000000034b6       0x1c build-Cawthron_IMU/py/qstr.o
                0x00000000000034b6                qstr_data
 *fill*         0x00000000000034d2        0x2 
 .text.qstr_pool_info
                0x00000000000034d4       0x70 build-Cawthron_IMU/py/qstr.o
                0x00000000000034d4                qstr_pool_info
 .text.qstr_dump_data
                0x0000000000003544       0x40 build-Cawthron_IMU/py/qstr.o
                0x0000000000003544                qstr_dump_data
 .text.vstr_ensure_extra
                0x0000000000003584       0x38 build-Cawthron_IMU/py/vstr.o
 .text.vstr_add_strn
                0x00000000000035bc       0x24 build-Cawthron_IMU/py/vstr.o
                0x00000000000035bc                vstr_add_strn
 .text.vstr_ins_blank_bytes.constprop.0
                0x00000000000035e0       0x30 build-Cawthron_IMU/py/vstr.o
 .text.vstr_init
                0x0000000000003610       0x20 build-Cawthron_IMU/py/vstr.o
                0x0000000000003610                vstr_init
 .text.vstr_init_len
                0x0000000000003630       0x10 build-Cawthron_IMU/py/vstr.o
                0x0000000000003630                vstr_init_len
 .text.vstr_init_fixed_buf
                0x0000000000003640       0x12 build-Cawthron_IMU/py/vstr.o
                0x0000000000003640                vstr_init_fixed_buf
 *fill*         0x0000000000003652        0x2 
 .text.vstr_init_print
                0x0000000000003654       0x18 build-Cawthron_IMU/py/vstr.o
                0x0000000000003654                vstr_init_print
 .text.vstr_clear
                0x000000000000366c       0x16 build-Cawthron_IMU/py/vstr.o
                0x000000000000366c                vstr_clear
 .text.vstr_new
                0x0000000000003682       0x16 build-Cawthron_IMU/py/vstr.o
                0x0000000000003682                vstr_new
 .text.vstr_extend
                0x0000000000003698       0x30 build-Cawthron_IMU/py/vstr.o
                0x0000000000003698                vstr_extend
 .text.vstr_add_len
                0x00000000000036c8       0x16 build-Cawthron_IMU/py/vstr.o
                0x00000000000036c8                vstr_add_len
 .text.vstr_null_terminated_str
                0x00000000000036de       0x1e build-Cawthron_IMU/py/vstr.o
                0x00000000000036de                vstr_null_terminated_str
 .text.vstr_add_byte
                0x00000000000036fc        0xe build-Cawthron_IMU/py/vstr.o
                0x00000000000036fc                vstr_add_byte
 .text.vstr_add_char
                0x000000000000370a        0xa build-Cawthron_IMU/py/vstr.o
                0x000000000000370a                vstr_add_char
 .text.vstr_add_str
                0x0000000000003714       0x18 build-Cawthron_IMU/py/vstr.o
                0x0000000000003714                vstr_add_str
 .text.vstr_ins_byte
                0x000000000000372c        0xc build-Cawthron_IMU/py/vstr.o
                0x000000000000372c                vstr_ins_byte
 .text.vstr_ins_char
                0x0000000000003738        0xc build-Cawthron_IMU/py/vstr.o
                0x0000000000003738                vstr_ins_char
 .text.vstr_cut_tail_bytes
                0x0000000000003744        0xe build-Cawthron_IMU/py/vstr.o
                0x0000000000003744                vstr_cut_tail_bytes
 .text.vstr_cut_out_bytes
                0x0000000000003752       0x2c build-Cawthron_IMU/py/vstr.o
                0x0000000000003752                vstr_cut_out_bytes
 .text.plat_print_strn
                0x000000000000377e        0xc build-Cawthron_IMU/py/mpprint.o
 .text.mp_print_str
                0x000000000000378a       0x1e build-Cawthron_IMU/py/mpprint.o
                0x000000000000378a                mp_print_str
 .text.mp_print_strn
                0x00000000000037a8       0xc0 build-Cawthron_IMU/py/mpprint.o
                0x00000000000037a8                mp_print_strn
 .text.mp_print_int
                0x0000000000003868       0xd8 build-Cawthron_IMU/py/mpprint.o
 .text.mp_print_mp_int
                0x0000000000003940      0x23c build-Cawthron_IMU/py/mpprint.o
                0x0000000000003940                mp_print_mp_int
 .text.mp_vprintf
                0x0000000000003b7c      0x248 build-Cawthron_IMU/py/mpprint.o
                0x0000000000003b7c                mp_vprintf
 .text.mp_printf
                0x0000000000003dc4       0x16 build-Cawthron_IMU/py/mpprint.o
                0x0000000000003dc4                mp_printf
 *fill*         0x0000000000003dda        0x2 
 .text.unichar_isspace
                0x0000000000003ddc       0x18 build-Cawthron_IMU/py/unicode.o
                0x0000000000003ddc                unichar_isspace
 .text.unichar_isalpha
                0x0000000000003df4       0x18 build-Cawthron_IMU/py/unicode.o
                0x0000000000003df4                unichar_isalpha
 .text.unichar_isdigit
                0x0000000000003e0c       0x18 build-Cawthron_IMU/py/unicode.o
                0x0000000000003e0c                unichar_isdigit
 .text.unichar_isxdigit
                0x0000000000003e24       0x18 build-Cawthron_IMU/py/unicode.o
                0x0000000000003e24                unichar_isxdigit
 .text.unichar_isident
                0x0000000000003e3c       0x20 build-Cawthron_IMU/py/unicode.o
                0x0000000000003e3c                unichar_isident
 .text.unichar_isupper
                0x0000000000003e5c       0x18 build-Cawthron_IMU/py/unicode.o
                0x0000000000003e5c                unichar_isupper
 .text.unichar_islower
                0x0000000000003e74       0x18 build-Cawthron_IMU/py/unicode.o
                0x0000000000003e74                unichar_islower
 .text.unichar_tolower
                0x0000000000003e8c       0x12 build-Cawthron_IMU/py/unicode.o
                0x0000000000003e8c                unichar_tolower
 .text.unichar_toupper
                0x0000000000003e9e       0x12 build-Cawthron_IMU/py/unicode.o
                0x0000000000003e9e                unichar_toupper
 .text.unichar_xdigit_value
                0x0000000000003eb0        0xe build-Cawthron_IMU/py/unicode.o
                0x0000000000003eb0                unichar_xdigit_value
 .text.mpn_remove_trailing_zeros
                0x0000000000003ebe       0x14 build-Cawthron_IMU/py/mpz.o
 .text.mpn_shr  0x0000000000003ed2       0x40 build-Cawthron_IMU/py/mpz.o
 .text.mpn_add  0x0000000000003f12       0x64 build-Cawthron_IMU/py/mpz.o
 .text.mpn_sub  0x0000000000003f76       0x5e build-Cawthron_IMU/py/mpz.o
 .text.mpz_need_dig
                0x0000000000003fd4       0x30 build-Cawthron_IMU/py/mpz.o
 .text.mpz_clone
                0x0000000000004004       0x38 build-Cawthron_IMU/py/mpz.o
 .text.mpn_cmp  0x000000000000403c       0x3a build-Cawthron_IMU/py/mpz.o
 .text.mpz_free
                0x0000000000004076       0x14 build-Cawthron_IMU/py/mpz.o
 .text.mpz_set_from_int.part.0
                0x000000000000408a       0x3a build-Cawthron_IMU/py/mpz.o
 .text.mpz_init_zero
                0x00000000000040c4        0xa build-Cawthron_IMU/py/mpz.o
                0x00000000000040c4                mpz_init_zero
 .text.mpz_deinit
                0x00000000000040ce       0x14 build-Cawthron_IMU/py/mpz.o
                0x00000000000040ce                mpz_deinit
 .text.mpz_set  0x00000000000040e2       0x2c build-Cawthron_IMU/py/mpz.o
                0x00000000000040e2                mpz_set
 .text.mpz_set_from_int
                0x000000000000410e       0x18 build-Cawthron_IMU/py/mpz.o
                0x000000000000410e                mpz_set_from_int
 .text.mpz_init_from_int
                0x0000000000004126       0x14 build-Cawthron_IMU/py/mpz.o
                0x0000000000004126                mpz_init_from_int
 .text.mpz_init_fixed_from_int
                0x000000000000413a       0x18 build-Cawthron_IMU/py/mpz.o
                0x000000000000413a                mpz_init_fixed_from_int
 .text.mpz_set_from_ll
                0x0000000000004152       0x60 build-Cawthron_IMU/py/mpz.o
                0x0000000000004152                mpz_set_from_ll
 .text.mpz_set_from_str
                0x00000000000041b2       0xa2 build-Cawthron_IMU/py/mpz.o
                0x00000000000041b2                mpz_set_from_str
 .text.mpz_set_from_bytes
                0x0000000000004254       0x6a build-Cawthron_IMU/py/mpz.o
                0x0000000000004254                mpz_set_from_bytes
 .text.mpz_cmp  0x00000000000042be       0x2a build-Cawthron_IMU/py/mpz.o
                0x00000000000042be                mpz_cmp
 .text.mpz_abs_inpl
                0x00000000000042e8       0x16 build-Cawthron_IMU/py/mpz.o
                0x00000000000042e8                mpz_abs_inpl
 .text.mpz_neg_inpl
                0x00000000000042fe       0x26 build-Cawthron_IMU/py/mpz.o
                0x00000000000042fe                mpz_neg_inpl
 .text.mpz_not_inpl
                0x0000000000004324       0x76 build-Cawthron_IMU/py/mpz.o
                0x0000000000004324                mpz_not_inpl
 *fill*         0x000000000000439a        0x2 
 .text.mpz_shl_inpl
                0x000000000000439c       0xd4 build-Cawthron_IMU/py/mpz.o
                0x000000000000439c                mpz_shl_inpl
 .text.mpz_shr_inpl
                0x0000000000004470       0xc2 build-Cawthron_IMU/py/mpz.o
                0x0000000000004470                mpz_shr_inpl
 .text.mpz_add_inpl
                0x0000000000004532       0x72 build-Cawthron_IMU/py/mpz.o
                0x0000000000004532                mpz_add_inpl
 .text.mpz_sub_inpl
                0x00000000000045a4       0x88 build-Cawthron_IMU/py/mpz.o
                0x00000000000045a4                mpz_sub_inpl
 .text.mpz_and_inpl
                0x000000000000462c       0xf6 build-Cawthron_IMU/py/mpz.o
                0x000000000000462c                mpz_and_inpl
 .text.mpz_or_inpl
                0x0000000000004722       0xe6 build-Cawthron_IMU/py/mpz.o
                0x0000000000004722                mpz_or_inpl
 .text.mpz_xor_inpl
                0x0000000000004808       0xe4 build-Cawthron_IMU/py/mpz.o
                0x0000000000004808                mpz_xor_inpl
 .text.mpz_mul_inpl
                0x00000000000048ec      0x108 build-Cawthron_IMU/py/mpz.o
                0x00000000000048ec                mpz_mul_inpl
 .text.mpz_pow_inpl
                0x00000000000049f4       0x8e build-Cawthron_IMU/py/mpz.o
                0x00000000000049f4                mpz_pow_inpl
 *fill*         0x0000000000004a82        0x2 
 .text.mpz_divmod_inpl
                0x0000000000004a84      0x2b4 build-Cawthron_IMU/py/mpz.o
                0x0000000000004a84                mpz_divmod_inpl
 .text.mpz_hash
                0x0000000000004d38       0x28 build-Cawthron_IMU/py/mpz.o
                0x0000000000004d38                mpz_hash
 .text.mpz_as_int_checked
                0x0000000000004d60       0x34 build-Cawthron_IMU/py/mpz.o
                0x0000000000004d60                mpz_as_int_checked
 .text.mpz_as_bytes
                0x0000000000004d94       0xae build-Cawthron_IMU/py/mpz.o
                0x0000000000004d94                mpz_as_bytes
 .text.mpz_as_str_inpl
                0x0000000000004e42      0x126 build-Cawthron_IMU/py/mpz.o
                0x0000000000004e42                mpz_as_str_inpl
 .text.mp_reader_mem_readbyte
                0x0000000000004f68       0x16 build-Cawthron_IMU/py/reader.o
 .text.mp_reader_mem_close
                0x0000000000004f7e       0x18 build-Cawthron_IMU/py/reader.o
 *fill*         0x0000000000004f96        0x2 
 .text.mp_reader_new_mem
                0x0000000000004f98       0x30 build-Cawthron_IMU/py/reader.o
                0x0000000000004f98                mp_reader_new_mem
 .text.next_char
                0x0000000000004fc8       0x60 build-Cawthron_IMU/py/lexer.o
 .text.skip_whitespace
                0x0000000000005028       0x66 build-Cawthron_IMU/py/lexer.o
 .text.is_string_or_bytes
                0x000000000000508e       0x52 build-Cawthron_IMU/py/lexer.o
 .text.mp_lexer_to_next
                0x00000000000050e0      0x558 build-Cawthron_IMU/py/lexer.o
                0x00000000000050e0                mp_lexer_to_next
 .text.mp_lexer_new
                0x0000000000005638       0x7a build-Cawthron_IMU/py/lexer.o
                0x0000000000005638                mp_lexer_new
 .text.mp_lexer_new_from_str_len
                0x00000000000056b2       0x1a build-Cawthron_IMU/py/lexer.o
                0x00000000000056b2                mp_lexer_new_from_str_len
 .text.mp_lexer_new_from_file
                0x00000000000056cc       0x20 build-Cawthron_IMU/py/lexer.o
                0x00000000000056cc                mp_lexer_new_from_file
 .text.mp_lexer_free
                0x00000000000056ec       0x22 build-Cawthron_IMU/py/lexer.o
                0x00000000000056ec                mp_lexer_free
 .text.pop_result
                0x000000000000570e        0xe build-Cawthron_IMU/py/parse.o
 .text.peek_result
                0x000000000000571c        0xe build-Cawthron_IMU/py/parse.o
 .text.parser_alloc
                0x000000000000572a       0x6a build-Cawthron_IMU/py/parse.o
 .text.push_result_node
                0x0000000000005794       0x2e build-Cawthron_IMU/py/parse.o
 .text.push_rule
                0x00000000000057c2       0x44 build-Cawthron_IMU/py/parse.o
 .text.push_rule_from_arg
                0x0000000000005806       0x10 build-Cawthron_IMU/py/parse.o
 *fill*         0x0000000000005816        0x2 
 .text.push_result_token.constprop.0
                0x0000000000005818       0xb4 build-Cawthron_IMU/py/parse.o
 .text.mp_parse_node_is_const_false
                0x00000000000058cc       0x18 build-Cawthron_IMU/py/parse.o
                0x00000000000058cc                mp_parse_node_is_const_false
 .text.mp_parse_node_is_const_true
                0x00000000000058e4       0x18 build-Cawthron_IMU/py/parse.o
                0x00000000000058e4                mp_parse_node_is_const_true
 .text.mp_parse_node_get_int_maybe
                0x00000000000058fc       0x54 build-Cawthron_IMU/py/parse.o
                0x00000000000058fc                mp_parse_node_get_int_maybe
 .text.push_result_rule
                0x0000000000005950      0x2b4 build-Cawthron_IMU/py/parse.o
 .text.mp_parse_node_extract_list
                0x0000000000005c04       0x28 build-Cawthron_IMU/py/parse.o
                0x0000000000005c04                mp_parse_node_extract_list
 .text.mp_parse
                0x0000000000005c2c      0x3b0 build-Cawthron_IMU/py/parse.o
                0x0000000000005c2c                mp_parse
 .text.mp_parse_tree_clear
                0x0000000000005fdc       0x14 build-Cawthron_IMU/py/parse.o
                0x0000000000005fdc                mp_parse_tree_clear
 .text.scope_new
                0x0000000000005ff0       0x48 build-Cawthron_IMU/py/scope.o
                0x0000000000005ff0                scope_new
 .text.scope_free
                0x0000000000006038       0x12 build-Cawthron_IMU/py/scope.o
                0x0000000000006038                scope_free
 .text.scope_find
                0x000000000000604a       0x20 build-Cawthron_IMU/py/scope.o
                0x000000000000604a                scope_find
 .text.scope_find_or_add_id
                0x000000000000606a       0x42 build-Cawthron_IMU/py/scope.o
                0x000000000000606a                scope_find_or_add_id
 .text.scope_find_global
                0x00000000000060ac       0x12 build-Cawthron_IMU/py/scope.o
                0x00000000000060ac                scope_find_global
 .text.scope_check_to_close_over
                0x00000000000060be       0x4c build-Cawthron_IMU/py/scope.o
                0x00000000000060be                scope_check_to_close_over
 .text.apply_to_single_or_list
                0x000000000000610a       0x42 build-Cawthron_IMU/py/compile.o
 .text.compile_del_stmt
                0x000000000000614c       0x14 build-Cawthron_IMU/py/compile.o
 .text.compile_import_name
                0x0000000000006160       0x14 build-Cawthron_IMU/py/compile.o
 .text.scope_new_and_link
                0x0000000000006174       0x2c build-Cawthron_IMU/py/compile.o
 .text.compile_trailer_period
                0x00000000000061a0       0x10 build-Cawthron_IMU/py/compile.o
 .text.compile_load_id
                0x00000000000061b0       0x24 build-Cawthron_IMU/py/compile.o
 .text.compile_store_id
                0x00000000000061d4       0x24 build-Cawthron_IMU/py/compile.o
 .text.compile_delete_id
                0x00000000000061f8       0x24 build-Cawthron_IMU/py/compile.o
 .text.compile_const_object
                0x000000000000621c        0xc build-Cawthron_IMU/py/compile.o
 .text.close_over_variables_etc
                0x0000000000006228       0xa0 build-Cawthron_IMU/py/compile.o
 .text.compile_funcdef_lambdef
                0x00000000000062c8       0x54 build-Cawthron_IMU/py/compile.o
 .text.compile_lambdef
                0x000000000000631c       0x28 build-Cawthron_IMU/py/compile.o
 .text.compile_funcdef_helper
                0x0000000000006344       0x2a build-Cawthron_IMU/py/compile.o
 .text.compile_funcdef
                0x000000000000636e       0x16 build-Cawthron_IMU/py/compile.o
 .text.compile_increase_except_level
                0x0000000000006384       0x1e build-Cawthron_IMU/py/compile.o
 .text.compile_decrease_except_level
                0x00000000000063a2       0x10 build-Cawthron_IMU/py/compile.o
 .text.do_import_name
                0x00000000000063b2      0x11c build-Cawthron_IMU/py/compile.o
 *fill*         0x00000000000064ce        0x2 
 .text.compile_import_from
                0x00000000000064d0      0x114 build-Cawthron_IMU/py/compile.o
 .text.compile_dotted_as_name
                0x00000000000065e4       0x2a build-Cawthron_IMU/py/compile.o
 .text.compile_error_set_line
                0x000000000000660e       0x14 build-Cawthron_IMU/py/compile.o
 *fill*         0x0000000000006622        0x2 
 .text.compile_syntax_error
                0x0000000000006624       0x24 build-Cawthron_IMU/py/compile.o
 .text.compile_star_expr
                0x0000000000006648       0x10 build-Cawthron_IMU/py/compile.o
 .text.compile_break_cont_stmt
                0x0000000000006658       0x38 build-Cawthron_IMU/py/compile.o
 .text.compile_node
                0x0000000000006690       0x64 build-Cawthron_IMU/py/compile.o
 .text.c_assign
                0x00000000000066f4      0x168 build-Cawthron_IMU/py/compile.o
 .text.c_assign_tuple
                0x000000000000685c       0x84 build-Cawthron_IMU/py/compile.o
 .text.c_if_cond
                0x00000000000068e0       0xe6 build-Cawthron_IMU/py/compile.o
 .text.compile_scope_comp_iter
                0x00000000000069c6       0xb0 build-Cawthron_IMU/py/compile.o
 *fill*         0x0000000000006a76        0x2 
 .text.compile_scope
                0x0000000000006a78      0x1e0 build-Cawthron_IMU/py/compile.o
 .text.compile_yield_expr
                0x0000000000006c58       0x6c build-Cawthron_IMU/py/compile.o
 .text.compile_dictorsetmaker_item
                0x0000000000006cc4       0x16 build-Cawthron_IMU/py/compile.o
 .text.compile_subscript
                0x0000000000006cda       0x84 build-Cawthron_IMU/py/compile.o
 .text.compile_trailer_bracket
                0x0000000000006d5e       0x14 build-Cawthron_IMU/py/compile.o
 .text.compile_while_stmt
                0x0000000000006d72       0x84 build-Cawthron_IMU/py/compile.o
 .text.compile_yield_stmt
                0x0000000000006df6       0x12 build-Cawthron_IMU/py/compile.o
 .text.compile_return_stmt
                0x0000000000006e08       0x20 build-Cawthron_IMU/py/compile.o
 .text.c_del_stmt
                0x0000000000006e28       0xf4 build-Cawthron_IMU/py/compile.o
 .text.compile_generic_tuple
                0x0000000000006f1c       0x2a build-Cawthron_IMU/py/compile.o
 .text.compile_generic_all_nodes
                0x0000000000006f46       0x36 build-Cawthron_IMU/py/compile.o
 .text.compile_power
                0x0000000000006f7c       0x12 build-Cawthron_IMU/py/compile.o
 .text.compile_if_stmt
                0x0000000000006f8e       0xe4 build-Cawthron_IMU/py/compile.o
 .text.compile_comprehension
                0x0000000000007072       0x4a build-Cawthron_IMU/py/compile.o
 .text.compile_atom_paren
                0x00000000000070bc       0x3a build-Cawthron_IMU/py/compile.o
 .text.compile_atom_bracket
                0x00000000000070f6       0x68 build-Cawthron_IMU/py/compile.o
 *fill*         0x000000000000715e        0x2 
 .text.compile_funcdef_lambdef_param
                0x0000000000007160       0xa8 build-Cawthron_IMU/py/compile.o
 .text.compile_term
                0x0000000000007208       0x36 build-Cawthron_IMU/py/compile.o
 .text.compile_binary_op
                0x000000000000723e       0x3c build-Cawthron_IMU/py/compile.o
 .text.compile_expr_stmt
                0x000000000000727a      0x1a0 build-Cawthron_IMU/py/compile.o
 .text.compile_factor_2
                0x000000000000741a       0x24 build-Cawthron_IMU/py/compile.o
 .text.compile_not_test_2
                0x000000000000743e       0x14 build-Cawthron_IMU/py/compile.o
 .text.compile_or_and_test
                0x0000000000007452       0x52 build-Cawthron_IMU/py/compile.o
 .text.compile_comparison
                0x00000000000074a4       0xca build-Cawthron_IMU/py/compile.o
 .text.compile_test_if_expr
                0x000000000000756e       0x50 build-Cawthron_IMU/py/compile.o
 *fill*         0x00000000000075be        0x2 
 .text.compile_for_stmt
                0x00000000000075c0      0x27c build-Cawthron_IMU/py/compile.o
 .text.compile_with_stmt_helper
                0x000000000000783c       0x90 build-Cawthron_IMU/py/compile.o
 .text.compile_with_stmt
                0x00000000000078cc       0x20 build-Cawthron_IMU/py/compile.o
 .text.compile_try_except
                0x00000000000078ec      0x178 build-Cawthron_IMU/py/compile.o
 .text.compile_try_finally
                0x0000000000007a64       0x6c build-Cawthron_IMU/py/compile.o
 .text.compile_try_stmt
                0x0000000000007ad0       0x6a build-Cawthron_IMU/py/compile.o
 .text.compile_raise_stmt
                0x0000000000007b3a       0x3a build-Cawthron_IMU/py/compile.o
 .text.compile_namedexpr_helper
                0x0000000000007b74       0x44 build-Cawthron_IMU/py/compile.o
 .text.compile_namedexpr
                0x0000000000007bb8        0xc build-Cawthron_IMU/py/compile.o
 .text.compile_trailer_paren_helper
                0x0000000000007bc4      0x14c build-Cawthron_IMU/py/compile.o
 .text.compile_classdef_helper
                0x0000000000007d10       0x5a build-Cawthron_IMU/py/compile.o
 .text.compile_classdef
                0x0000000000007d6a       0x16 build-Cawthron_IMU/py/compile.o
 .text.compile_decorated
                0x0000000000007d80       0xe4 build-Cawthron_IMU/py/compile.o
 .text.compile_trailer_paren
                0x0000000000007e64        0xe build-Cawthron_IMU/py/compile.o
 *fill*         0x0000000000007e72        0x2 
 .text.compile_atom_expr_normal
                0x0000000000007e74      0x128 build-Cawthron_IMU/py/compile.o
 .text.compile_assert_stmt
                0x0000000000007f9c       0x58 build-Cawthron_IMU/py/compile.o
 .text.compile_global_nonlocal_stmt
                0x0000000000007ff4       0xb4 build-Cawthron_IMU/py/compile.o
 .text.compile_scope_func_lambda_param.constprop.0
                0x00000000000080a8       0xb8 build-Cawthron_IMU/py/compile.o
 .text.compile_scope_func_param
                0x0000000000008160        0xc build-Cawthron_IMU/py/compile.o
 .text.compile_scope_lambda_param
                0x000000000000816c        0xc build-Cawthron_IMU/py/compile.o
 .text.compile_atom_brace
                0x0000000000008178       0xd0 build-Cawthron_IMU/py/compile.o
 .text.mp_compile
                0x0000000000008248      0x32c build-Cawthron_IMU/py/compile.o
                0x0000000000008248                mp_compile
 .text.mp_emit_common_use_qstr
                0x0000000000008574       0x2e build-Cawthron_IMU/py/emitcommon.o
                0x0000000000008574                mp_emit_common_use_qstr
 .text.mp_emit_common_get_id_for_modification
                0x00000000000085a2       0x1c build-Cawthron_IMU/py/emitcommon.o
                0x00000000000085a2                mp_emit_common_get_id_for_modification
 .text.mp_emit_common_id_op
                0x00000000000085be       0x42 build-Cawthron_IMU/py/emitcommon.o
                0x00000000000085be                mp_emit_common_id_op
 .text.emit_get_cur_to_write_code_info
                0x0000000000008600       0x18 build-Cawthron_IMU/py/emitbc.o
 .text.emit_get_cur_to_write_bytecode
                0x0000000000008618       0x1c build-Cawthron_IMU/py/emitbc.o
 .text.emit_write_bytecode_raw_byte
                0x0000000000008634        0xe build-Cawthron_IMU/py/emitbc.o
 .text.emit_bc_new
                0x0000000000008642        0xe build-Cawthron_IMU/py/emitbc.o
                0x0000000000008642                emit_bc_new
 .text.emit_bc_set_max_num_labels
                0x0000000000008650       0x10 build-Cawthron_IMU/py/emitbc.o
                0x0000000000008650                emit_bc_set_max_num_labels
 .text.emit_bc_free
                0x0000000000008660       0x12 build-Cawthron_IMU/py/emitbc.o
                0x0000000000008660                emit_bc_free
 *fill*         0x0000000000008672        0x2 
 .text.mp_emit_bc_start_pass
                0x0000000000008674      0x18c build-Cawthron_IMU/py/emitbc.o
                0x0000000000008674                mp_emit_bc_start_pass
 .text.mp_emit_bc_end_pass
                0x0000000000008800       0xa4 build-Cawthron_IMU/py/emitbc.o
                0x0000000000008800                mp_emit_bc_end_pass
 .text.mp_emit_bc_last_emit_was_return_value
                0x00000000000088a4        0xa build-Cawthron_IMU/py/emitbc.o
                0x00000000000088a4                mp_emit_bc_last_emit_was_return_value
 .text.mp_emit_bc_adjust_stack_size
                0x00000000000088ae       0x1c build-Cawthron_IMU/py/emitbc.o
                0x00000000000088ae                mp_emit_bc_adjust_stack_size
 .text.emit_write_bytecode_byte
                0x00000000000088ca       0x16 build-Cawthron_IMU/py/emitbc.o
 .text.emit_write_bytecode_byte_uint
                0x00000000000088e0       0x1c build-Cawthron_IMU/py/emitbc.o
 .text.emit_write_bytecode_byte_qstr
                0x00000000000088fc       0x1e build-Cawthron_IMU/py/emitbc.o
 .text.mp_emit_bc_load_global
                0x000000000000891a       0x10 build-Cawthron_IMU/py/emitbc.o
                0x000000000000891a                mp_emit_bc_load_global
 .text.mp_emit_bc_store_global
                0x000000000000892a       0x12 build-Cawthron_IMU/py/emitbc.o
                0x000000000000892a                mp_emit_bc_store_global
 .text.mp_emit_bc_delete_global
                0x000000000000893c       0x10 build-Cawthron_IMU/py/emitbc.o
                0x000000000000893c                mp_emit_bc_delete_global
 .text.emit_write_bytecode_byte_child
                0x000000000000894c       0x1e build-Cawthron_IMU/py/emitbc.o
 .text.mp_emit_bc_delete_local
                0x000000000000896a       0x12 build-Cawthron_IMU/py/emitbc.o
                0x000000000000896a                mp_emit_bc_delete_local
 .text.emit_bc_call_function_method_helper
                0x000000000000897c       0x22 build-Cawthron_IMU/py/emitbc.o
 .text.mp_emit_bc_load_local
                0x000000000000899e       0x26 build-Cawthron_IMU/py/emitbc.o
                0x000000000000899e                mp_emit_bc_load_local
 .text.mp_emit_bc_store_local
                0x00000000000089c4       0x2a build-Cawthron_IMU/py/emitbc.o
                0x00000000000089c4                mp_emit_bc_store_local
 .text.emit_write_bytecode_byte_label
                0x00000000000089ee       0x8a build-Cawthron_IMU/py/emitbc.o
 .text.mp_emit_bc_set_source_line
                0x0000000000008a78       0x98 build-Cawthron_IMU/py/emitbc.o
                0x0000000000008a78                mp_emit_bc_set_source_line
 .text.mp_emit_bc_label_assign
                0x0000000000008b10       0x1c build-Cawthron_IMU/py/emitbc.o
                0x0000000000008b10                mp_emit_bc_label_assign
 .text.mp_emit_bc_import
                0x0000000000008b2c       0x2a build-Cawthron_IMU/py/emitbc.o
                0x0000000000008b2c                mp_emit_bc_import
 *fill*         0x0000000000008b56        0x2 
 .text.mp_emit_bc_load_const_tok
                0x0000000000008b58       0x38 build-Cawthron_IMU/py/emitbc.o
                0x0000000000008b58                mp_emit_bc_load_const_tok
 .text.mp_emit_bc_load_const_small_int
                0x0000000000008b90       0x8a build-Cawthron_IMU/py/emitbc.o
                0x0000000000008b90                mp_emit_bc_load_const_small_int
 .text.mp_emit_bc_load_const_str
                0x0000000000008c1a        0xe build-Cawthron_IMU/py/emitbc.o
                0x0000000000008c1a                mp_emit_bc_load_const_str
 .text.mp_emit_bc_load_const_obj
                0x0000000000008c28       0x20 build-Cawthron_IMU/py/emitbc.o
                0x0000000000008c28                mp_emit_bc_load_const_obj
 .text.mp_emit_bc_load_null
                0x0000000000008c48        0xc build-Cawthron_IMU/py/emitbc.o
                0x0000000000008c48                mp_emit_bc_load_null
 .text.mp_emit_bc_load_method
                0x0000000000008c54       0x16 build-Cawthron_IMU/py/emitbc.o
                0x0000000000008c54                mp_emit_bc_load_method
 .text.mp_emit_bc_load_build_class
                0x0000000000008c6a        0xc build-Cawthron_IMU/py/emitbc.o
                0x0000000000008c6a                mp_emit_bc_load_build_class
 .text.mp_emit_bc_dup_top
                0x0000000000008c76        0xc build-Cawthron_IMU/py/emitbc.o
                0x0000000000008c76                mp_emit_bc_dup_top
 .text.mp_emit_bc_dup_top_two
                0x0000000000008c82        0xc build-Cawthron_IMU/py/emitbc.o
                0x0000000000008c82                mp_emit_bc_dup_top_two
 .text.mp_emit_bc_pop_top
                0x0000000000008c8e        0xe build-Cawthron_IMU/py/emitbc.o
                0x0000000000008c8e                mp_emit_bc_pop_top
 .text.mp_emit_bc_rot_two
                0x0000000000008c9c        0xc build-Cawthron_IMU/py/emitbc.o
                0x0000000000008c9c                mp_emit_bc_rot_two
 .text.mp_emit_bc_attr
                0x0000000000008ca8       0x2e build-Cawthron_IMU/py/emitbc.o
                0x0000000000008ca8                mp_emit_bc_attr
 .text.mp_emit_bc_rot_three
                0x0000000000008cd6        0xc build-Cawthron_IMU/py/emitbc.o
                0x0000000000008cd6                mp_emit_bc_rot_three
 .text.mp_emit_bc_subscr
                0x0000000000008ce2       0x2a build-Cawthron_IMU/py/emitbc.o
                0x0000000000008ce2                mp_emit_bc_subscr
 .text.mp_emit_bc_jump
                0x0000000000008d0c        0xe build-Cawthron_IMU/py/emitbc.o
                0x0000000000008d0c                mp_emit_bc_jump
 .text.mp_emit_bc_pop_jump_if
                0x0000000000008d1a       0x16 build-Cawthron_IMU/py/emitbc.o
                0x0000000000008d1a                mp_emit_bc_pop_jump_if
 .text.mp_emit_bc_jump_if_or_pop
                0x0000000000008d30       0x16 build-Cawthron_IMU/py/emitbc.o
                0x0000000000008d30                mp_emit_bc_jump_if_or_pop
 *fill*         0x0000000000008d46        0x2 
 .text.mp_emit_bc_unwind_jump
                0x0000000000008d48       0x60 build-Cawthron_IMU/py/emitbc.o
                0x0000000000008d48                mp_emit_bc_unwind_jump
 .text.mp_emit_bc_setup_block
                0x0000000000008da8       0x14 build-Cawthron_IMU/py/emitbc.o
                0x0000000000008da8                mp_emit_bc_setup_block
 .text.mp_emit_bc_with_cleanup
                0x0000000000008dbc       0x2a build-Cawthron_IMU/py/emitbc.o
                0x0000000000008dbc                mp_emit_bc_with_cleanup
 .text.mp_emit_bc_end_finally
                0x0000000000008de6        0xe build-Cawthron_IMU/py/emitbc.o
                0x0000000000008de6                mp_emit_bc_end_finally
 .text.mp_emit_bc_get_iter
                0x0000000000008df4       0x12 build-Cawthron_IMU/py/emitbc.o
                0x0000000000008df4                mp_emit_bc_get_iter
 .text.mp_emit_bc_for_iter
                0x0000000000008e06        0xe build-Cawthron_IMU/py/emitbc.o
                0x0000000000008e06                mp_emit_bc_for_iter
 .text.mp_emit_bc_for_iter_end
                0x0000000000008e14        0xc build-Cawthron_IMU/py/emitbc.o
                0x0000000000008e14                mp_emit_bc_for_iter_end
 .text.mp_emit_bc_pop_except_jump
                0x0000000000008e20        0xe build-Cawthron_IMU/py/emitbc.o
                0x0000000000008e20                mp_emit_bc_pop_except_jump
 .text.mp_emit_bc_unary_op
                0x0000000000008e2e       0x10 build-Cawthron_IMU/py/emitbc.o
                0x0000000000008e2e                mp_emit_bc_unary_op
 .text.mp_emit_bc_binary_op
                0x0000000000008e3e       0x36 build-Cawthron_IMU/py/emitbc.o
                0x0000000000008e3e                mp_emit_bc_binary_op
 .text.mp_emit_bc_build
                0x0000000000008e74       0x18 build-Cawthron_IMU/py/emitbc.o
                0x0000000000008e74                mp_emit_bc_build
 .text.mp_emit_bc_store_map
                0x0000000000008e8c        0xe build-Cawthron_IMU/py/emitbc.o
                0x0000000000008e8c                mp_emit_bc_store_map
 .text.mp_emit_bc_store_comp
                0x0000000000008e9a       0x18 build-Cawthron_IMU/py/emitbc.o
                0x0000000000008e9a                mp_emit_bc_store_comp
 .text.mp_emit_bc_unpack_sequence
                0x0000000000008eb2        0xe build-Cawthron_IMU/py/emitbc.o
                0x0000000000008eb2                mp_emit_bc_unpack_sequence
 .text.mp_emit_bc_unpack_ex
                0x0000000000008ec0       0x10 build-Cawthron_IMU/py/emitbc.o
                0x0000000000008ec0                mp_emit_bc_unpack_ex
 .text.mp_emit_bc_make_function
                0x0000000000008ed0       0x1c build-Cawthron_IMU/py/emitbc.o
                0x0000000000008ed0                mp_emit_bc_make_function
 .text.mp_emit_bc_make_closure
                0x0000000000008eec       0x2c build-Cawthron_IMU/py/emitbc.o
                0x0000000000008eec                mp_emit_bc_make_closure
 .text.mp_emit_bc_call_function
                0x0000000000008f18       0x12 build-Cawthron_IMU/py/emitbc.o
                0x0000000000008f18                mp_emit_bc_call_function
 .text.mp_emit_bc_call_method
                0x0000000000008f2a       0x14 build-Cawthron_IMU/py/emitbc.o
                0x0000000000008f2a                mp_emit_bc_call_method
 .text.mp_emit_bc_return_value
                0x0000000000008f3e       0x14 build-Cawthron_IMU/py/emitbc.o
                0x0000000000008f3e                mp_emit_bc_return_value
 .text.mp_emit_bc_raise_varargs
                0x0000000000008f52       0x10 build-Cawthron_IMU/py/emitbc.o
                0x0000000000008f52                mp_emit_bc_raise_varargs
 .text.mp_emit_bc_yield
                0x0000000000008f62       0x1c build-Cawthron_IMU/py/emitbc.o
                0x0000000000008f62                mp_emit_bc_yield
 .text.mp_emit_bc_start_except_handler
                0x0000000000008f7e        0xa build-Cawthron_IMU/py/emitbc.o
                0x0000000000008f7e                mp_emit_bc_start_except_handler
 .text.mp_emit_bc_end_except_handler
                0x0000000000008f88        0xc build-Cawthron_IMU/py/emitbc.o
                0x0000000000008f88                mp_emit_bc_end_except_handler
 .text.mp_parse_num_base
                0x0000000000008f94       0x80 build-Cawthron_IMU/py/parsenumbase.o
                0x0000000000008f94                mp_parse_num_base
 .text.raise_exc
                0x0000000000009014       0x20 build-Cawthron_IMU/py/parsenum.o
 .text.mp_parse_num_integer
                0x0000000000009034       0xfc build-Cawthron_IMU/py/parsenum.o
                0x0000000000009034                mp_parse_num_integer
 .text.mp_parse_num_decimal
                0x0000000000009130       0x18 build-Cawthron_IMU/py/parsenum.o
                0x0000000000009130                mp_parse_num_decimal
 .text.mp_emit_glue_new_raw_code
                0x0000000000009148       0x18 build-Cawthron_IMU/py/emitglue.o
                0x0000000000009148                mp_emit_glue_new_raw_code
 .text.mp_emit_glue_assign_bytecode
                0x0000000000009160       0x1c build-Cawthron_IMU/py/emitglue.o
                0x0000000000009160                mp_emit_glue_assign_bytecode
 .text.mp_make_function_from_raw_code
                0x000000000000917c       0x20 build-Cawthron_IMU/py/emitglue.o
                0x000000000000917c                mp_make_function_from_raw_code
 .text.mp_make_closure_from_raw_code
                0x000000000000919c       0x28 build-Cawthron_IMU/py/emitglue.o
                0x000000000000919c                mp_make_closure_from_raw_code
 .text.mp_init  0x00000000000091c4       0x90 build-Cawthron_IMU/py/runtime.o
                0x00000000000091c4                mp_init
 .text.mp_deinit
                0x0000000000009254        0x2 build-Cawthron_IMU/py/runtime.o
                0x0000000000009254                mp_deinit
 *fill*         0x0000000000009256        0x2 
 .text.mp_load_build_class
                0x0000000000009258       0x30 build-Cawthron_IMU/py/runtime.o
                0x0000000000009258                mp_load_build_class
 .text.mp_store_name
                0x0000000000009288       0x18 build-Cawthron_IMU/py/runtime.o
                0x0000000000009288                mp_store_name
 .text.mp_delete_name
                0x00000000000092a0       0x18 build-Cawthron_IMU/py/runtime.o
                0x00000000000092a0                mp_delete_name
 .text.mp_store_global
                0x00000000000092b8       0x18 build-Cawthron_IMU/py/runtime.o
                0x00000000000092b8                mp_store_global
 .text.mp_delete_global
                0x00000000000092d0       0x18 build-Cawthron_IMU/py/runtime.o
                0x00000000000092d0                mp_delete_global
 .text.mp_convert_member_lookup
                0x00000000000092e8       0x7c build-Cawthron_IMU/py/runtime.o
                0x00000000000092e8                mp_convert_member_lookup
 .text.mp_load_method_maybe
                0x0000000000009364       0x68 build-Cawthron_IMU/py/runtime.o
                0x0000000000009364                mp_load_method_maybe
 .text.mp_load_method_protected
                0x00000000000093cc       0x44 build-Cawthron_IMU/py/runtime.o
                0x00000000000093cc                mp_load_method_protected
 .text.mp_import_all
                0x0000000000009410       0x3c build-Cawthron_IMU/py/runtime.o
                0x0000000000009410                mp_import_all
 .text.mp_raise_msg
                0x000000000000944c       0x14 build-Cawthron_IMU/py/runtime.o
                0x000000000000944c                mp_raise_msg
 .text.mp_load_global
                0x0000000000009460       0x5c build-Cawthron_IMU/py/runtime.o
                0x0000000000009460                mp_load_global
 .text.mp_load_name
                0x00000000000094bc       0x30 build-Cawthron_IMU/py/runtime.o
                0x00000000000094bc                mp_load_name
 .text.mp_load_method
                0x00000000000094ec       0x20 build-Cawthron_IMU/py/runtime.o
                0x00000000000094ec                mp_load_method
 .text.mp_load_attr
                0x000000000000950c       0x18 build-Cawthron_IMU/py/runtime.o
                0x000000000000950c                mp_load_attr
 .text.mp_store_attr
                0x0000000000009524       0x38 build-Cawthron_IMU/py/runtime.o
                0x0000000000009524                mp_store_attr
 .text.mp_raise_msg_varg
                0x000000000000955c       0x12 build-Cawthron_IMU/py/runtime.o
                0x000000000000955c                mp_raise_msg_varg
 *fill*         0x000000000000956e        0x2 
 .text.m_malloc_fail
                0x0000000000009570       0x28 build-Cawthron_IMU/py/runtime.o
                0x0000000000009570                m_malloc_fail
 .text.mp_raise_ValueError
                0x0000000000009598       0x10 build-Cawthron_IMU/py/runtime.o
                0x0000000000009598                mp_raise_ValueError
 .text.mp_raise_TypeError
                0x00000000000095a8       0x10 build-Cawthron_IMU/py/runtime.o
                0x00000000000095a8                mp_raise_TypeError
 .text.mp_unary_op
                0x00000000000095b8       0xe0 build-Cawthron_IMU/py/runtime.o
                0x00000000000095b8                mp_unary_op
 .text.mp_call_function_n_kw
                0x0000000000009698       0x2c build-Cawthron_IMU/py/runtime.o
                0x0000000000009698                mp_call_function_n_kw
 .text.mp_call_function_0
                0x00000000000096c4        0xe build-Cawthron_IMU/py/runtime.o
                0x00000000000096c4                mp_call_function_0
 *fill*         0x00000000000096d2        0x2 
 .text.mp_parse_compile_execute
                0x00000000000096d4       0x64 build-Cawthron_IMU/py/runtime.o
                0x00000000000096d4                mp_parse_compile_execute
 .text.mp_call_function_1
                0x0000000000009738       0x10 build-Cawthron_IMU/py/runtime.o
                0x0000000000009738                mp_call_function_1
 .text.mp_call_method_n_kw
                0x0000000000009748       0x20 build-Cawthron_IMU/py/runtime.o
                0x0000000000009748                mp_call_method_n_kw
 .text.mp_make_raise_obj
                0x0000000000009768       0x3c build-Cawthron_IMU/py/runtime.o
                0x0000000000009768                mp_make_raise_obj
 .text.mp_resume
                0x00000000000097a4      0x110 build-Cawthron_IMU/py/runtime.o
                0x00000000000097a4                mp_resume
 .text.mp_import_name
                0x00000000000098b4       0x50 build-Cawthron_IMU/py/runtime.o
                0x00000000000098b4                mp_import_name
 .text.mp_import_from
                0x0000000000009904       0xb8 build-Cawthron_IMU/py/runtime.o
                0x0000000000009904                mp_import_from
 .text.checked_fun_call
                0x00000000000099bc       0x34 build-Cawthron_IMU/py/runtime.o
 .text.mp_getiter
                0x00000000000099f0       0x74 build-Cawthron_IMU/py/runtime.o
                0x00000000000099f0                mp_getiter
 .text.mp_iternext_allow_raise
                0x0000000000009a64       0x44 build-Cawthron_IMU/py/runtime.o
                0x0000000000009a64                mp_iternext_allow_raise
 .text.mp_iternext
                0x0000000000009aa8       0x80 build-Cawthron_IMU/py/runtime.o
                0x0000000000009aa8                mp_iternext
 .text.mp_call_method_n_kw_var
                0x0000000000009b28      0x2c4 build-Cawthron_IMU/py/runtime.o
                0x0000000000009b28                mp_call_method_n_kw_var
 .text.mp_unpack_sequence
                0x0000000000009dec       0x88 build-Cawthron_IMU/py/runtime.o
                0x0000000000009dec                mp_unpack_sequence
 .text.mp_unpack_ex
                0x0000000000009e74       0xfc build-Cawthron_IMU/py/runtime.o
                0x0000000000009e74                mp_unpack_ex
 .text.mp_binary_op
                0x0000000000009f70      0x2a8 build-Cawthron_IMU/py/runtime.o
                0x0000000000009f70                mp_binary_op
 .text.mp_raise_NotImplementedError
                0x000000000000a218       0x10 build-Cawthron_IMU/py/runtime.o
                0x000000000000a218                mp_raise_NotImplementedError
 .text.mp_raise_type_arg
                0x000000000000a228       0x12 build-Cawthron_IMU/py/runtime.o
                0x000000000000a228                mp_raise_type_arg
 *fill*         0x000000000000a23a        0x2 
 .text.mp_raise_StopIteration
                0x000000000000a23c       0x18 build-Cawthron_IMU/py/runtime.o
                0x000000000000a23c                mp_raise_StopIteration
 .text.mp_raise_OSError
                0x000000000000a254       0x14 build-Cawthron_IMU/py/runtime.o
                0x000000000000a254                mp_raise_OSError
 .text.mp_sched_keyboard_interrupt
                0x000000000000a268       0x14 build-Cawthron_IMU/py/scheduler.o
                0x000000000000a268                mp_sched_keyboard_interrupt
 .text.mp_handle_pending
                0x000000000000a27c       0x20 build-Cawthron_IMU/py/scheduler.o
                0x000000000000a27c                mp_handle_pending
 .text.mp_pairheap_meld
                0x000000000000a29c       0x4c build-Cawthron_IMU/py/pairheap.o
                0x000000000000a29c                mp_pairheap_meld
 .text.mp_pairheap_pairing
                0x000000000000a2e8       0x4c build-Cawthron_IMU/py/pairheap.o
                0x000000000000a2e8                mp_pairheap_pairing
 .text.mp_pairheap_delete
                0x000000000000a334       0x7e build-Cawthron_IMU/py/pairheap.o
                0x000000000000a334                mp_pairheap_delete
 *fill*         0x000000000000a3b2        0x2 
 .text.mp_stack_set_top
                0x000000000000a3b4        0xc build-Cawthron_IMU/py/stackctrl.o
                0x000000000000a3b4                mp_stack_set_top
 .text.mp_stack_usage
                0x000000000000a3c0       0x14 build-Cawthron_IMU/py/stackctrl.o
                0x000000000000a3c0                mp_stack_usage
 .text.mp_arg_error_terse_mismatch
                0x000000000000a3d4        0xc build-Cawthron_IMU/py/argcheck.o
                0x000000000000a3d4                mp_arg_error_terse_mismatch
 .text.mp_arg_check_num_sig
                0x000000000000a3e0       0x28 build-Cawthron_IMU/py/argcheck.o
                0x000000000000a3e0                mp_arg_check_num_sig
 .text.mp_arg_parse_all
                0x000000000000a408       0x9c build-Cawthron_IMU/py/argcheck.o
                0x000000000000a408                mp_arg_parse_all
 .text.mp_arg_parse_all_kw_array
                0x000000000000a4a4       0x2c build-Cawthron_IMU/py/argcheck.o
                0x000000000000a4a4                mp_arg_parse_all_kw_array
 .text.mp_map_init
                0x000000000000a4d0       0x1c build-Cawthron_IMU/py/map.o
                0x000000000000a4d0                mp_map_init
 .text.mp_map_init_fixed_table
                0x000000000000a4ec        0xe build-Cawthron_IMU/py/map.o
                0x000000000000a4ec                mp_map_init_fixed_table
 .text.mp_map_clear
                0x000000000000a4fa       0x24 build-Cawthron_IMU/py/map.o
                0x000000000000a4fa                mp_map_clear
 *fill*         0x000000000000a51e        0x2 
 .text.mp_map_lookup
                0x000000000000a520      0x17c build-Cawthron_IMU/py/map.o
                0x000000000000a520                mp_map_lookup
 .text.mp_map_rehash
                0x000000000000a69c       0x70 build-Cawthron_IMU/py/map.o
 .text.mp_identity
                0x000000000000a70c        0x2 build-Cawthron_IMU/py/obj.o
                0x000000000000a70c                mp_identity
 *fill*         0x000000000000a70e        0x2 
 .text.mp_obj_get_type
                0x000000000000a710       0x18 build-Cawthron_IMU/py/obj.o
                0x000000000000a710                mp_obj_get_type
 .text.mp_obj_get_type_str
                0x000000000000a728        0xe build-Cawthron_IMU/py/obj.o
                0x000000000000a728                mp_obj_get_type_str
 *fill*         0x000000000000a736        0x2 
 .text.mp_obj_print_helper
                0x000000000000a738       0x30 build-Cawthron_IMU/py/obj.o
                0x000000000000a738                mp_obj_print_helper
 .text.mp_obj_print
                0x000000000000a768       0x14 build-Cawthron_IMU/py/obj.o
                0x000000000000a768                mp_obj_print
 .text.mp_obj_print_exception
                0x000000000000a77c       0x88 build-Cawthron_IMU/py/obj.o
                0x000000000000a77c                mp_obj_print_exception
 .text.mp_obj_is_callable
                0x000000000000a804       0x24 build-Cawthron_IMU/py/obj.o
                0x000000000000a804                mp_obj_is_callable
 .text.mp_obj_get_int
                0x000000000000a828       0x38 build-Cawthron_IMU/py/obj.o
                0x000000000000a828                mp_obj_get_int
 .text.mp_obj_get_int_truncated
                0x000000000000a860       0x24 build-Cawthron_IMU/py/obj.o
                0x000000000000a860                mp_obj_get_int_truncated
 .text.mp_obj_get_int_maybe
                0x000000000000a884       0x44 build-Cawthron_IMU/py/obj.o
                0x000000000000a884                mp_obj_get_int_maybe
 .text.mp_obj_get_array
                0x000000000000a8c8       0x34 build-Cawthron_IMU/py/obj.o
                0x000000000000a8c8                mp_obj_get_array
 .text.mp_obj_get_array_fixed_n
                0x000000000000a8fc       0x1c build-Cawthron_IMU/py/obj.o
                0x000000000000a8fc                mp_obj_get_array_fixed_n
 .text.mp_get_index
                0x000000000000a918       0x60 build-Cawthron_IMU/py/obj.o
                0x000000000000a918                mp_get_index
 .text.mp_obj_id
                0x000000000000a978       0x1e build-Cawthron_IMU/py/obj.o
                0x000000000000a978                mp_obj_id
 *fill*         0x000000000000a996        0x2 
 .text.mp_obj_len_maybe
                0x000000000000a998       0x4c build-Cawthron_IMU/py/obj.o
                0x000000000000a998                mp_obj_len_maybe
 .text.mp_obj_is_true
                0x000000000000a9e4       0x50 build-Cawthron_IMU/py/obj.o
                0x000000000000a9e4                mp_obj_is_true
 .text.mp_obj_equal_not_equal
                0x000000000000aa34       0xf4 build-Cawthron_IMU/py/obj.o
                0x000000000000aa34                mp_obj_equal_not_equal
 .text.mp_obj_equal
                0x000000000000ab28       0x12 build-Cawthron_IMU/py/obj.o
                0x000000000000ab28                mp_obj_equal
 *fill*         0x000000000000ab3a        0x2 
 .text.mp_obj_len
                0x000000000000ab3c       0x18 build-Cawthron_IMU/py/obj.o
                0x000000000000ab3c                mp_obj_len
 .text.mp_obj_subscr
                0x000000000000ab54       0x40 build-Cawthron_IMU/py/obj.o
                0x000000000000ab54                mp_obj_subscr
 .text.mp_identity_getiter
                0x000000000000ab94        0x2 build-Cawthron_IMU/py/obj.o
                0x000000000000ab94                mp_identity_getiter
 .text.mp_get_buffer
                0x000000000000ab96       0x22 build-Cawthron_IMU/py/obj.o
                0x000000000000ab96                mp_get_buffer
 .text.mp_get_buffer_raise
                0x000000000000abb8       0x18 build-Cawthron_IMU/py/obj.o
                0x000000000000abb8                mp_get_buffer_raise
 .text.mp_generic_unary_op
                0x000000000000abd0       0x10 build-Cawthron_IMU/py/obj.o
                0x000000000000abd0                mp_generic_unary_op
 .text.array_unary_op
                0x000000000000abe0       0x22 build-Cawthron_IMU/py/objarray.o
 *fill*         0x000000000000ac02        0x2 
 .text.array_iterator_new
                0x000000000000ac04       0x28 build-Cawthron_IMU/py/objarray.o
 .text.array_get_buffer
                0x000000000000ac2c       0x54 build-Cawthron_IMU/py/objarray.o
 .text.array_new
                0x000000000000ac80       0x44 build-Cawthron_IMU/py/objarray.o
 .text.array_extend
                0x000000000000acc4       0x68 build-Cawthron_IMU/py/objarray.o
 .text.array_append
                0x000000000000ad2c       0x68 build-Cawthron_IMU/py/objarray.o
 .text.array_it_iternext
                0x000000000000ad94       0x26 build-Cawthron_IMU/py/objarray.o
 *fill*         0x000000000000adba        0x2 
 .text.array_subscr
                0x000000000000adbc      0x258 build-Cawthron_IMU/py/objarray.o
 .text.array_construct
                0x000000000000b014       0xb4 build-Cawthron_IMU/py/objarray.o
 .text.array_make_new
                0x000000000000b0c8       0x30 build-Cawthron_IMU/py/objarray.o
 .text.array_print
                0x000000000000b0f8       0x8c build-Cawthron_IMU/py/objarray.o
 .text.bytearray_make_new
                0x000000000000b184       0x60 build-Cawthron_IMU/py/objarray.o
 .text.array_binary_op
                0x000000000000b1e4      0x160 build-Cawthron_IMU/py/objarray.o
 .text.mp_obj_new_memoryview
                0x000000000000b344       0x24 build-Cawthron_IMU/py/objarray.o
                0x000000000000b344                mp_obj_new_memoryview
 .text.memoryview_make_new
                0x000000000000b368       0x88 build-Cawthron_IMU/py/objarray.o
 .text.mp_obj_new_bytearray_by_ref
                0x000000000000b3f0       0x20 build-Cawthron_IMU/py/objarray.o
                0x000000000000b3f0                mp_obj_new_bytearray_by_ref
 .text.bool_binary_op
                0x000000000000b410       0x14 build-Cawthron_IMU/py/objbool.o
 .text.bool_unary_op
                0x000000000000b424       0x1e build-Cawthron_IMU/py/objbool.o
 *fill*         0x000000000000b442        0x2 
 .text.bool_print
                0x000000000000b444       0x34 build-Cawthron_IMU/py/objbool.o
 .text.bool_make_new
                0x000000000000b478       0x26 build-Cawthron_IMU/py/objbool.o
 .text.mp_call_method_self_n_kw
                0x000000000000b49e       0x68 build-Cawthron_IMU/py/objboundmeth.o
                0x000000000000b49e                mp_call_method_self_n_kw
 .text.bound_meth_call
                0x000000000000b506       0x12 build-Cawthron_IMU/py/objboundmeth.o
 .text.mp_obj_new_bound_meth
                0x000000000000b518       0x1c build-Cawthron_IMU/py/objboundmeth.o
                0x000000000000b518                mp_obj_new_bound_meth
 .text.mp_obj_cell_get
                0x000000000000b534        0x4 build-Cawthron_IMU/py/objcell.o
                0x000000000000b534                mp_obj_cell_get
 .text.mp_obj_cell_set
                0x000000000000b538        0x4 build-Cawthron_IMU/py/objcell.o
                0x000000000000b538                mp_obj_cell_set
 .text.mp_obj_new_cell
                0x000000000000b53c       0x18 build-Cawthron_IMU/py/objcell.o
                0x000000000000b53c                mp_obj_new_cell
 .text.closure_call
                0x000000000000b554       0x8e build-Cawthron_IMU/py/objclosure.o
 *fill*         0x000000000000b5e2        0x2 
 .text.mp_obj_new_closure
                0x000000000000b5e4       0x34 build-Cawthron_IMU/py/objclosure.o
                0x000000000000b5e4                mp_obj_new_closure
 .text.dict_view_getiter
                0x000000000000b618       0x1c build-Cawthron_IMU/py/objdict.o
 .text.dict_getiter
                0x000000000000b634       0x18 build-Cawthron_IMU/py/objdict.o
 .text.mp_ensure_not_fixed
                0x000000000000b64c       0x10 build-Cawthron_IMU/py/objdict.o
 .text.dict_get_helper
                0x000000000000b65c       0x50 build-Cawthron_IMU/py/objdict.o
 .text.dict_setdefault
                0x000000000000b6ac        0xa build-Cawthron_IMU/py/objdict.o
 .text.dict_pop
                0x000000000000b6b6        0xa build-Cawthron_IMU/py/objdict.o
 .text.dict_get
                0x000000000000b6c0        0xa build-Cawthron_IMU/py/objdict.o
 *fill*         0x000000000000b6ca        0x2 
 .text.dict_values
                0x000000000000b6cc       0x1c build-Cawthron_IMU/py/objdict.o
 .text.dict_clear
                0x000000000000b6e8       0x12 build-Cawthron_IMU/py/objdict.o
 .text.dict_unary_op
                0x000000000000b6fa       0x26 build-Cawthron_IMU/py/objdict.o
 .text.dict_iter_next
                0x000000000000b720       0x26 build-Cawthron_IMU/py/objdict.o
 *fill*         0x000000000000b746        0x2 
 .text.dict_update
                0x000000000000b748       0xe8 build-Cawthron_IMU/py/objdict.o
 .text.dict_view_it_iternext
                0x000000000000b830       0x36 build-Cawthron_IMU/py/objdict.o
 *fill*         0x000000000000b866        0x2 
 .text.dict_view_print
                0x000000000000b868       0x78 build-Cawthron_IMU/py/objdict.o
 .text.dict_print
                0x000000000000b8e0       0xc4 build-Cawthron_IMU/py/objdict.o
 .text.dict_popitem
                0x000000000000b9a4       0x4c build-Cawthron_IMU/py/objdict.o
 .text.dict_binary_op
                0x000000000000b9f0       0x70 build-Cawthron_IMU/py/objdict.o
 .text.dict_view_binary_op
                0x000000000000ba60       0x1a build-Cawthron_IMU/py/objdict.o
 *fill*         0x000000000000ba7a        0x2 
 .text.dict_items
                0x000000000000ba7c       0x1c build-Cawthron_IMU/py/objdict.o
 .text.dict_keys
                0x000000000000ba98       0x1c build-Cawthron_IMU/py/objdict.o
 .text.mp_obj_dict_get
                0x000000000000bab4       0x20 build-Cawthron_IMU/py/objdict.o
                0x000000000000bab4                mp_obj_dict_get
 .text.mp_obj_dict_init
                0x000000000000bad4       0x10 build-Cawthron_IMU/py/objdict.o
                0x000000000000bad4                mp_obj_dict_init
 .text.mp_obj_new_dict
                0x000000000000bae4       0x16 build-Cawthron_IMU/py/objdict.o
                0x000000000000bae4                mp_obj_new_dict
 .text.mp_obj_dict_make_new
                0x000000000000bafa       0x40 build-Cawthron_IMU/py/objdict.o
                0x000000000000bafa                mp_obj_dict_make_new
 .text.mp_obj_dict_copy
                0x000000000000bb3a       0x36 build-Cawthron_IMU/py/objdict.o
                0x000000000000bb3a                mp_obj_dict_copy
 .text.dict_fromkeys
                0x000000000000bb70       0x46 build-Cawthron_IMU/py/objdict.o
 .text.mp_obj_dict_len
                0x000000000000bbb6        0x6 build-Cawthron_IMU/py/objdict.o
                0x000000000000bbb6                mp_obj_dict_len
 .text.mp_obj_dict_store
                0x000000000000bbbc       0x1c build-Cawthron_IMU/py/objdict.o
                0x000000000000bbbc                mp_obj_dict_store
 .text.mp_obj_dict_delete
                0x000000000000bbd8       0x16 build-Cawthron_IMU/py/objdict.o
                0x000000000000bbd8                mp_obj_dict_delete
 *fill*         0x000000000000bbee        0x2 
 .text.dict_subscr
                0x000000000000bbf0       0x38 build-Cawthron_IMU/py/objdict.o
 .text.mp_obj_exception_print
                0x000000000000bc28       0x78 build-Cawthron_IMU/py/objexcept.o
                0x000000000000bc28                mp_obj_exception_print
 .text.mp_obj_exception_make_new
                0x000000000000bca0       0x64 build-Cawthron_IMU/py/objexcept.o
                0x000000000000bca0                mp_obj_exception_make_new
 .text.get_native_exception
                0x000000000000bd04       0x1c build-Cawthron_IMU/py/objexcept.o
 .text.exc_add_strn
                0x000000000000bd20       0x58 build-Cawthron_IMU/py/objexcept.o
 .text.mp_obj_exception_get_value
                0x000000000000bd78       0x14 build-Cawthron_IMU/py/objexcept.o
                0x000000000000bd78                mp_obj_exception_get_value
 .text.mp_obj_exception_attr
                0x000000000000bd8c       0x38 build-Cawthron_IMU/py/objexcept.o
                0x000000000000bd8c                mp_obj_exception_attr
 .text.mp_obj_new_exception
                0x000000000000bdc4        0xe build-Cawthron_IMU/py/objexcept.o
                0x000000000000bdc4                mp_obj_new_exception
 *fill*         0x000000000000bdd2        0x2 
 .text.mp_obj_new_exception_msg
                0x000000000000bdd4       0x44 build-Cawthron_IMU/py/objexcept.o
                0x000000000000bdd4                mp_obj_new_exception_msg
 .text.mp_obj_new_exception_msg_vlist
                0x000000000000be18       0x9c build-Cawthron_IMU/py/objexcept.o
                0x000000000000be18                mp_obj_new_exception_msg_vlist
 .text.mp_obj_is_exception_type
                0x000000000000beb4       0x30 build-Cawthron_IMU/py/objexcept.o
                0x000000000000beb4                mp_obj_is_exception_type
 .text.mp_obj_is_exception_instance
                0x000000000000bee4        0xc build-Cawthron_IMU/py/objexcept.o
                0x000000000000bee4                mp_obj_is_exception_instance
 .text.mp_obj_exception_match
                0x000000000000bef0       0x20 build-Cawthron_IMU/py/objexcept.o
                0x000000000000bef0                mp_obj_exception_match
 .text.mp_obj_exception_add_traceback
                0x000000000000bf10       0x5a build-Cawthron_IMU/py/objexcept.o
                0x000000000000bf10                mp_obj_exception_add_traceback
 .text.mp_obj_exception_get_traceback
                0x000000000000bf6a       0x1c build-Cawthron_IMU/py/objexcept.o
                0x000000000000bf6a                mp_obj_exception_get_traceback
 .text.fun_builtin_0_call
                0x000000000000bf86       0x14 build-Cawthron_IMU/py/objfun.o
 *fill*         0x000000000000bf9a        0x2 
 .text.fun_builtin_1_call
                0x000000000000bf9c       0x1c build-Cawthron_IMU/py/objfun.o
 .text.fun_builtin_2_call
                0x000000000000bfb8       0x1c build-Cawthron_IMU/py/objfun.o
 .text.fun_builtin_3_call
                0x000000000000bfd4       0x1c build-Cawthron_IMU/py/objfun.o
 .text.fun_bc_call
                0x000000000000bff0       0xdc build-Cawthron_IMU/py/objfun.o
 .text.fun_builtin_var_call
                0x000000000000c0cc       0x40 build-Cawthron_IMU/py/objfun.o
 .text.mp_obj_fun_get_name
                0x000000000000c10c       0x2e build-Cawthron_IMU/py/objfun.o
                0x000000000000c10c                mp_obj_fun_get_name
 *fill*         0x000000000000c13a        0x2 
 .text.mp_obj_new_fun_bc
                0x000000000000c13c       0x64 build-Cawthron_IMU/py/objfun.o
                0x000000000000c13c                mp_obj_new_fun_bc
 .text.gen_wrap_call
                0x000000000000c1a0       0x7c build-Cawthron_IMU/py/objgenerator.o
 .text.gen_instance_pend_throw
                0x000000000000c21c       0x18 build-Cawthron_IMU/py/objgenerator.o
 .text.gen_instance_print
                0x000000000000c234       0x20 build-Cawthron_IMU/py/objgenerator.o
 .text.mp_obj_gen_resume
                0x000000000000c254       0xb8 build-Cawthron_IMU/py/objgenerator.o
                0x000000000000c254                mp_obj_gen_resume
 .text.gen_resume_and_raise
                0x000000000000c30c       0x3c build-Cawthron_IMU/py/objgenerator.o
 .text.gen_instance_throw
                0x000000000000c348       0x1e build-Cawthron_IMU/py/objgenerator.o
 .text.gen_instance_send
                0x000000000000c366        0xc build-Cawthron_IMU/py/objgenerator.o
 .text.gen_instance_iternext
                0x000000000000c372        0xe build-Cawthron_IMU/py/objgenerator.o
 .text.gen_instance_close
                0x000000000000c380       0x48 build-Cawthron_IMU/py/objgenerator.o
 .text.it_iternext
                0x000000000000c3c8       0x54 build-Cawthron_IMU/py/objgetitemiter.o
 .text.mp_obj_new_getitem_iter
                0x000000000000c41c       0x1c build-Cawthron_IMU/py/objgetitemiter.o
                0x000000000000c41c                mp_obj_new_getitem_iter
 .text.int_to_bytes
                0x000000000000c438       0x80 build-Cawthron_IMU/py/objint.o
 .text.int_from_bytes
                0x000000000000c4b8       0x68 build-Cawthron_IMU/py/objint.o
 .text.mp_obj_int_make_new
                0x000000000000c520       0x8c build-Cawthron_IMU/py/objint.o
 .text.mp_int_format_size
                0x000000000000c5ac       0x3c build-Cawthron_IMU/py/objint.o
                0x000000000000c5ac                mp_int_format_size
 .text.mp_obj_int_formatted
                0x000000000000c5e8      0x126 build-Cawthron_IMU/py/objint.o
                0x000000000000c5e8                mp_obj_int_formatted
 .text.mp_obj_int_print
                0x000000000000c70e       0x3c build-Cawthron_IMU/py/objint.o
                0x000000000000c70e                mp_obj_int_print
 *fill*         0x000000000000c74a        0x2 
 .text.mp_obj_int_binary_op_extra_cases
                0x000000000000c74c       0x54 build-Cawthron_IMU/py/objint.o
                0x000000000000c74c                mp_obj_int_binary_op_extra_cases
 .text.mp_obj_int_new_mpz
                0x000000000000c7a0       0x1c build-Cawthron_IMU/py/objint_mpz.o
                0x000000000000c7a0                mp_obj_int_new_mpz
 .text.mp_obj_int_formatted_impl
                0x000000000000c7bc       0x54 build-Cawthron_IMU/py/objint_mpz.o
                0x000000000000c7bc                mp_obj_int_formatted_impl
 .text.mp_obj_int_from_bytes_impl
                0x000000000000c810       0x1e build-Cawthron_IMU/py/objint_mpz.o
                0x000000000000c810                mp_obj_int_from_bytes_impl
 .text.mp_obj_int_to_bytes_impl
                0x000000000000c82e        0xa build-Cawthron_IMU/py/objint_mpz.o
                0x000000000000c82e                mp_obj_int_to_bytes_impl
 .text.mp_obj_int_sign
                0x000000000000c838       0x28 build-Cawthron_IMU/py/objint_mpz.o
                0x000000000000c838                mp_obj_int_sign
 .text.mp_obj_int_unary_op
                0x000000000000c860       0x6c build-Cawthron_IMU/py/objint_mpz.o
                0x000000000000c860                mp_obj_int_unary_op
 .text.mp_obj_new_int_from_ll
                0x000000000000c8cc       0x1e build-Cawthron_IMU/py/objint_mpz.o
                0x000000000000c8cc                mp_obj_new_int_from_ll
 .text.mp_obj_new_int
                0x000000000000c8ea       0x18 build-Cawthron_IMU/py/objint_mpz.o
                0x000000000000c8ea                mp_obj_new_int
 .text.mp_obj_new_int_from_ull
                0x000000000000c902       0x1e build-Cawthron_IMU/py/objint_mpz.o
                0x000000000000c902                mp_obj_new_int_from_ull
 .text.mp_obj_new_int_from_uint
                0x000000000000c920       0x16 build-Cawthron_IMU/py/objint_mpz.o
                0x000000000000c920                mp_obj_new_int_from_uint
 .text.mp_obj_new_int_from_str_len
                0x000000000000c936       0x2e build-Cawthron_IMU/py/objint_mpz.o
                0x000000000000c936                mp_obj_new_int_from_str_len
 .text.mp_obj_int_get_truncated
                0x000000000000c964       0x12 build-Cawthron_IMU/py/objint_mpz.o
                0x000000000000c964                mp_obj_int_get_truncated
 *fill*         0x000000000000c976        0x2 
 .text.mp_obj_int_get_checked
                0x000000000000c978       0x2c build-Cawthron_IMU/py/objint_mpz.o
                0x000000000000c978                mp_obj_int_get_checked
 .text.mp_obj_int_binary_op
                0x000000000000c9a4      0x1ec build-Cawthron_IMU/py/objint_mpz.o
                0x000000000000c9a4                mp_obj_int_binary_op
 .text.list_unary_op
                0x000000000000cb90       0x22 build-Cawthron_IMU/py/objlist.o
 *fill*         0x000000000000cbb2        0x2 
 .text.list_getiter
                0x000000000000cbb4       0x1c build-Cawthron_IMU/py/objlist.o
 .text.list_reverse
                0x000000000000cbd0       0x2c build-Cawthron_IMU/py/objlist.o
 .text.list_it_iternext
                0x000000000000cbfc       0x1c build-Cawthron_IMU/py/objlist.o
 .text.mp_obj_list_append
                0x000000000000cc18       0x42 build-Cawthron_IMU/py/objlist.o
                0x000000000000cc18                mp_obj_list_append
 .text.list_insert
                0x000000000000cc5a       0x44 build-Cawthron_IMU/py/objlist.o
 .text.list_clear
                0x000000000000cc9e       0x22 build-Cawthron_IMU/py/objlist.o
 .text.mp_quicksort
                0x000000000000ccc0       0xce build-Cawthron_IMU/py/objlist.o
 *fill*         0x000000000000cd8e        0x2 
 .text.mp_obj_list_sort
                0x000000000000cd90       0x50 build-Cawthron_IMU/py/objlist.o
                0x000000000000cd90                mp_obj_list_sort
 .text.list_index
                0x000000000000cde0       0x12 build-Cawthron_IMU/py/objlist.o
 *fill*         0x000000000000cdf2        0x2 
 .text.list_pop
                0x000000000000cdf4       0x7c build-Cawthron_IMU/py/objlist.o
 .text.mp_obj_list_remove
                0x000000000000ce70       0x1c build-Cawthron_IMU/py/objlist.o
                0x000000000000ce70                mp_obj_list_remove
 .text.list_extend_from_iter
                0x000000000000ce8c       0x24 build-Cawthron_IMU/py/objlist.o
 .text.list_count
                0x000000000000ceb0        0xe build-Cawthron_IMU/py/objlist.o
 *fill*         0x000000000000cebe        0x2 
 .text.list_print
                0x000000000000cec0       0x5c build-Cawthron_IMU/py/objlist.o
 .text.list_extend
                0x000000000000cf1c       0x74 build-Cawthron_IMU/py/objlist.o
 .text.mp_obj_list_init
                0x000000000000cf90       0x34 build-Cawthron_IMU/py/objlist.o
                0x000000000000cf90                mp_obj_list_init
 .text.list_new
                0x000000000000cfc4       0x16 build-Cawthron_IMU/py/objlist.o
 *fill*         0x000000000000cfda        0x2 
 .text.list_binary_op
                0x000000000000cfdc       0xd0 build-Cawthron_IMU/py/objlist.o
 .text.list_make_new
                0x000000000000d0ac       0x2a build-Cawthron_IMU/py/objlist.o
 .text.mp_obj_new_list
                0x000000000000d0d6       0x22 build-Cawthron_IMU/py/objlist.o
                0x000000000000d0d6                mp_obj_new_list
 .text.list_copy
                0x000000000000d0f8        0xc build-Cawthron_IMU/py/objlist.o
 .text.mp_obj_list_get
                0x000000000000d104        0xa build-Cawthron_IMU/py/objlist.o
                0x000000000000d104                mp_obj_list_get
 .text.mp_obj_list_set_len
                0x000000000000d10e        0x4 build-Cawthron_IMU/py/objlist.o
                0x000000000000d10e                mp_obj_list_set_len
 .text.mp_obj_list_store
                0x000000000000d112       0x1a build-Cawthron_IMU/py/objlist.o
                0x000000000000d112                mp_obj_list_store
 .text.list_subscr
                0x000000000000d12c      0x190 build-Cawthron_IMU/py/objlist.o
 .text.map_iternext
                0x000000000000d2bc       0x4a build-Cawthron_IMU/py/objmap.o
 *fill*         0x000000000000d306        0x2 
 .text.map_make_new
                0x000000000000d308       0x4c build-Cawthron_IMU/py/objmap.o
 .text.module_attr
                0x000000000000d354       0x8c build-Cawthron_IMU/py/objmodule.o
 .text.module_print
                0x000000000000d3e0       0x30 build-Cawthron_IMU/py/objmodule.o
 .text.mp_obj_new_module
                0x000000000000d410       0x44 build-Cawthron_IMU/py/objmodule.o
                0x000000000000d410                mp_obj_new_module
 .text.mp_module_get_builtin
                0x000000000000d454       0x1c build-Cawthron_IMU/py/objmodule.o
                0x000000000000d454                mp_module_get_builtin
 .text.mp_module_get_loaded_or_builtin
                0x000000000000d470       0x28 build-Cawthron_IMU/py/objmodule.o
                0x000000000000d470                mp_module_get_loaded_or_builtin
 .text.object_make_new
                0x000000000000d498       0x18 build-Cawthron_IMU/py/objobject.o
 .text.polymorph_it_iternext
                0x000000000000d4b0        0x8 build-Cawthron_IMU/py/objpolyiter.o
 .text.none_print
                0x000000000000d4b8       0x18 build-Cawthron_IMU/py/objnone.o
 .text.range_it_iternext
                0x000000000000d4d0       0x32 build-Cawthron_IMU/py/objrange.o
 .text.range_unary_op
                0x000000000000d502       0x40 build-Cawthron_IMU/py/objrange.o
 *fill*         0x000000000000d542        0x2 
 .text.range_getiter
                0x000000000000d544       0x1c build-Cawthron_IMU/py/objrange.o
 .text.range_make_new
                0x000000000000d560       0x60 build-Cawthron_IMU/py/objrange.o
 .text.range_print
                0x000000000000d5c0       0x38 build-Cawthron_IMU/py/objrange.o
 .text.range_attr
                0x000000000000d5f8       0x28 build-Cawthron_IMU/py/objrange.o
 .text.range_subscr
                0x000000000000d620       0x98 build-Cawthron_IMU/py/objrange.o
 .text.singleton_print
                0x000000000000d6b8       0x10 build-Cawthron_IMU/py/objsingleton.o
 .text.slice_print
                0x000000000000d6c8       0x54 build-Cawthron_IMU/py/objslice.o
 .text.mp_obj_new_slice
                0x000000000000d71c       0x20 build-Cawthron_IMU/py/objslice.o
                0x000000000000d71c                mp_obj_new_slice
 .text.mp_obj_slice_indices
                0x000000000000d73c       0xb8 build-Cawthron_IMU/py/objslice.o
                0x000000000000d73c                mp_obj_slice_indices
 .text.arg_looks_integer
                0x000000000000d7f4       0x2c build-Cawthron_IMU/py/objstr.o
 .text.mp_obj_new_str_iterator
                0x000000000000d820       0x1c build-Cawthron_IMU/py/objstr.o
 .text.mp_obj_new_bytes_iterator
                0x000000000000d83c       0x1c build-Cawthron_IMU/py/objstr.o
 .text.bytes_it_iternext
                0x000000000000d858       0x38 build-Cawthron_IMU/py/objstr.o
 .text.terse_str_format_value_error
                0x000000000000d890        0xc build-Cawthron_IMU/py/objstr.o
 .text.str_uni_istype
                0x000000000000d89c       0x78 build-Cawthron_IMU/py/objstr.o
 .text.str_isspace
                0x000000000000d914       0x10 build-Cawthron_IMU/py/objstr.o
 .text.str_isalpha
                0x000000000000d924       0x10 build-Cawthron_IMU/py/objstr.o
 .text.str_isdigit
                0x000000000000d934       0x10 build-Cawthron_IMU/py/objstr.o
 .text.str_isupper
                0x000000000000d944       0x10 build-Cawthron_IMU/py/objstr.o
 .text.str_islower
                0x000000000000d954       0x10 build-Cawthron_IMU/py/objstr.o
 .text.str_to_int
                0x000000000000d964       0x30 build-Cawthron_IMU/py/objstr.o
 .text.mp_obj_str_get_buffer
                0x000000000000d994       0x32 build-Cawthron_IMU/py/objstr.o
                0x000000000000d994                mp_obj_str_get_buffer
 *fill*         0x000000000000d9c6        0x2 
 .text.mp_str_print_quoted
                0x000000000000d9c8       0xc8 build-Cawthron_IMU/py/objstr.o
                0x000000000000d9c8                mp_str_print_quoted
 .text.mp_str_print_json
                0x000000000000da90       0x74 build-Cawthron_IMU/py/objstr.o
                0x000000000000da90                mp_str_print_json
 .text.str_print
                0x000000000000db04       0x88 build-Cawthron_IMU/py/objstr.o
 .text.find_subbytes
                0x000000000000db8c       0x3e build-Cawthron_IMU/py/objstr.o
                0x000000000000db8c                find_subbytes
 *fill*         0x000000000000dbca        0x2 
 .text.str_finder
                0x000000000000dbcc       0xd4 build-Cawthron_IMU/py/objstr.o
 .text.str_find
                0x000000000000dca0        0xc build-Cawthron_IMU/py/objstr.o
 .text.str_rfind
                0x000000000000dcac        0xe build-Cawthron_IMU/py/objstr.o
 .text.str_index
                0x000000000000dcba        0xc build-Cawthron_IMU/py/objstr.o
 .text.str_rindex
                0x000000000000dcc6        0xe build-Cawthron_IMU/py/objstr.o
 .text.mp_obj_new_str_copy
                0x000000000000dcd4       0x3c build-Cawthron_IMU/py/objstr.o
                0x000000000000dcd4                mp_obj_new_str_copy
 .text.mp_obj_new_str_via_qstr
                0x000000000000dd10        0xe build-Cawthron_IMU/py/objstr.o
                0x000000000000dd10                mp_obj_new_str_via_qstr
 .text.str_it_iternext
                0x000000000000dd1e       0x3a build-Cawthron_IMU/py/objstr.o
 .text.mp_obj_new_str_from_vstr
                0x000000000000dd58       0x6c build-Cawthron_IMU/py/objstr.o
                0x000000000000dd58                mp_obj_new_str_from_vstr
 .text.str_join
                0x000000000000ddc4      0x10c build-Cawthron_IMU/py/objstr.o
 .text.str_replace
                0x000000000000ded0      0x184 build-Cawthron_IMU/py/objstr.o
 .text.str_caseconv
                0x000000000000e054       0x52 build-Cawthron_IMU/py/objstr.o
 *fill*         0x000000000000e0a6        0x2 
 .text.str_lower
                0x000000000000e0a8       0x10 build-Cawthron_IMU/py/objstr.o
 .text.str_upper
                0x000000000000e0b8       0x10 build-Cawthron_IMU/py/objstr.o
 .text.mp_obj_new_str
                0x000000000000e0c8       0x28 build-Cawthron_IMU/py/objstr.o
                0x000000000000e0c8                mp_obj_new_str
 .text.mp_obj_str_make_new
                0x000000000000e0f0       0xc8 build-Cawthron_IMU/py/objstr.o
                0x000000000000e0f0                mp_obj_str_make_new
 .text.mp_obj_new_bytes
                0x000000000000e1b8       0x14 build-Cawthron_IMU/py/objstr.o
                0x000000000000e1b8                mp_obj_new_bytes
 .text.bytes_make_new
                0x000000000000e1cc      0x13c build-Cawthron_IMU/py/objstr.o
 .text.mp_obj_new_str_of_type
                0x000000000000e308       0x20 build-Cawthron_IMU/py/objstr.o
                0x000000000000e308                mp_obj_new_str_of_type
 .text.str_uni_strip
                0x000000000000e328      0x128 build-Cawthron_IMU/py/objstr.o
 .text.str_strip
                0x000000000000e450        0xe build-Cawthron_IMU/py/objstr.o
 .text.str_lstrip
                0x000000000000e45e        0xe build-Cawthron_IMU/py/objstr.o
 .text.str_rstrip
                0x000000000000e46c        0xe build-Cawthron_IMU/py/objstr.o
 *fill*         0x000000000000e47a        0x2 
 .text.bytes_subscr
                0x000000000000e47c       0x98 build-Cawthron_IMU/py/objstr.o
 .text.mp_obj_str_equal
                0x000000000000e514       0x8c build-Cawthron_IMU/py/objstr.o
                0x000000000000e514                mp_obj_str_equal
 .text.mp_obj_str_get_qstr
                0x000000000000e5a0       0x34 build-Cawthron_IMU/py/objstr.o
                0x000000000000e5a0                mp_obj_str_get_qstr
 .text.mp_obj_str_get_str
                0x000000000000e5d4       0x34 build-Cawthron_IMU/py/objstr.o
                0x000000000000e5d4                mp_obj_str_get_str
 .text.mp_obj_str_get_data
                0x000000000000e608       0x40 build-Cawthron_IMU/py/objstr.o
                0x000000000000e608                mp_obj_str_get_data
 .text.mp_obj_str_binary_op
                0x000000000000e648      0x4d4 build-Cawthron_IMU/py/objstr.o
                0x000000000000e648                mp_obj_str_binary_op
 .text.mp_obj_str_split
                0x000000000000eb1c      0x14c build-Cawthron_IMU/py/objstr.o
                0x000000000000eb1c                mp_obj_str_split
 .text.str_rsplit
                0x000000000000ec68      0x114 build-Cawthron_IMU/py/objstr.o
 .text.str_startswith
                0x000000000000ed7c       0x6e build-Cawthron_IMU/py/objstr.o
 *fill*         0x000000000000edea        0x2 
 .text.str_endswith
                0x000000000000edec       0x58 build-Cawthron_IMU/py/objstr.o
 .text.mp_obj_str_format_helper
                0x000000000000ee44      0x488 build-Cawthron_IMU/py/objstr.o
 .text.mp_obj_str_format
                0x000000000000f2cc       0x4c build-Cawthron_IMU/py/objstr.o
                0x000000000000f2cc                mp_obj_str_format
 .text.mp_obj_str_intern_checked
                0x000000000000f318       0x10 build-Cawthron_IMU/py/objstr.o
                0x000000000000f318                mp_obj_str_intern_checked
 .text.stringio___exit__
                0x000000000000f328        0xa build-Cawthron_IMU/py/objstringio.o
 *fill*         0x000000000000f332        0x2 
 .text.stringio_getvalue
                0x000000000000f334       0x28 build-Cawthron_IMU/py/objstringio.o
 .text.stringio_read
                0x000000000000f35c       0x2e build-Cawthron_IMU/py/objstringio.o
 .text.stringio_write
                0x000000000000f38a       0x94 build-Cawthron_IMU/py/objstringio.o
 *fill*         0x000000000000f41e        0x2 
 .text.stringio_make_new
                0x000000000000f420       0xa4 build-Cawthron_IMU/py/objstringio.o
 .text.stringio_print
                0x000000000000f4c4       0x24 build-Cawthron_IMU/py/objstringio.o
 .text.stringio_ioctl
                0x000000000000f4e8       0x62 build-Cawthron_IMU/py/objstringio.o
 .text.tuple_it_iternext
                0x000000000000f54a       0x1c build-Cawthron_IMU/py/objtuple.o
 *fill*         0x000000000000f566        0x2 
 .text.mp_obj_tuple_getiter
                0x000000000000f568       0x1c build-Cawthron_IMU/py/objtuple.o
                0x000000000000f568                mp_obj_tuple_getiter
 .text.mp_obj_tuple_print
                0x000000000000f584       0x80 build-Cawthron_IMU/py/objtuple.o
                0x000000000000f584                mp_obj_tuple_print
 .text.tuple_index
                0x000000000000f604       0x14 build-Cawthron_IMU/py/objtuple.o
 .text.tuple_count
                0x000000000000f618       0x10 build-Cawthron_IMU/py/objtuple.o
 .text.mp_obj_tuple_unary_op
                0x000000000000f628       0x58 build-Cawthron_IMU/py/objtuple.o
                0x000000000000f628                mp_obj_tuple_unary_op
 .text.mp_obj_new_tuple
                0x000000000000f680       0x3c build-Cawthron_IMU/py/objtuple.o
                0x000000000000f680                mp_obj_new_tuple
 .text.mp_obj_tuple_binary_op
                0x000000000000f6bc       0xe8 build-Cawthron_IMU/py/objtuple.o
                0x000000000000f6bc                mp_obj_tuple_binary_op
 .text.mp_obj_tuple_subscr
                0x000000000000f7a4       0x78 build-Cawthron_IMU/py/objtuple.o
                0x000000000000f7a4                mp_obj_tuple_subscr
 .text.mp_obj_tuple_make_new
                0x000000000000f81c       0x78 build-Cawthron_IMU/py/objtuple.o
 .text.mp_obj_tuple_get
                0x000000000000f894        0xa build-Cawthron_IMU/py/objtuple.o
                0x000000000000f894                mp_obj_tuple_get
 .text.mp_obj_tuple_del
                0x000000000000f89e        0x8 build-Cawthron_IMU/py/objtuple.o
                0x000000000000f89e                mp_obj_tuple_del
 *fill*         0x000000000000f8a6        0x2 
 .text.instance_count_native_bases
                0x000000000000f8a8       0x58 build-Cawthron_IMU/py/objtype.o
 .text.native_base_init_wrapper
                0x000000000000f900       0x26 build-Cawthron_IMU/py/objtype.o
 *fill*         0x000000000000f926        0x2 
 .text.type_call
                0x000000000000f928       0x18 build-Cawthron_IMU/py/objtype.o
 .text.mp_obj_class_lookup
                0x000000000000f940       0xf0 build-Cawthron_IMU/py/objtype.o
 .text.mp_obj_instance_getiter
                0x000000000000fa30       0x62 build-Cawthron_IMU/py/objtype.o
                0x000000000000fa30                mp_obj_instance_getiter
 .text.type_attr
                0x000000000000fa92       0x5e build-Cawthron_IMU/py/objtype.o
 .text.super_attr
                0x000000000000faf0       0xa8 build-Cawthron_IMU/py/objtype.o
 .text.mp_obj_instance_attr
                0x000000000000fb98       0x8a build-Cawthron_IMU/py/objtype.o
 *fill*         0x000000000000fc22        0x2 
 .text.static_class_method_make_new
                0x000000000000fc24       0x24 build-Cawthron_IMU/py/objtype.o
 .text.super_make_new
                0x000000000000fc48       0x40 build-Cawthron_IMU/py/objtype.o
 .text.type_print
                0x000000000000fc88       0x10 build-Cawthron_IMU/py/objtype.o
 .text.instance_subscr
                0x000000000000fc98       0x74 build-Cawthron_IMU/py/objtype.o
 .text.instance_binary_op
                0x000000000000fd0c       0x78 build-Cawthron_IMU/py/objtype.o
 .text.instance_unary_op
                0x000000000000fd84       0xa4 build-Cawthron_IMU/py/objtype.o
 .text.super_print
                0x000000000000fe28       0x40 build-Cawthron_IMU/py/objtype.o
 .text.instance_print
                0x000000000000fe68       0xbc build-Cawthron_IMU/py/objtype.o
 .text.instance_get_buffer
                0x000000000000ff24       0x4a build-Cawthron_IMU/py/objtype.o
 *fill*         0x000000000000ff6e        0x2 
 .text.mp_obj_instance_make_new
                0x000000000000ff70      0x14c build-Cawthron_IMU/py/objtype.o
                0x000000000000ff70                mp_obj_instance_make_new
 .text.mp_obj_instance_call
                0x00000000000100bc       0x5c build-Cawthron_IMU/py/objtype.o
                0x00000000000100bc                mp_obj_instance_call
 .text.mp_obj_instance_is_callable
                0x0000000000010118       0x30 build-Cawthron_IMU/py/objtype.o
                0x0000000000010118                mp_obj_instance_is_callable
 .text.mp_obj_new_type